Archive member included to satisfy reference by file (symbol)

/usr/lib/gcc/arm-none-eabi/9.2.1/thumb/v6-m/nofp/libgcc.a(_dvmd_tls.o)
                              CMakeFiles/main.dir/home/amalmathew/Documents/RaspberryPiPico/pico-sdk/src/rp2_common/pico_divider/divider.S.obj (__aeabi_idiv0)
/usr/lib/gcc/arm-none-eabi/9.2.1/../../../arm-none-eabi/lib/thumb/v6-m/nofp/libc.a(lib_a-atexit.o)
                              /usr/lib/gcc/arm-none-eabi/9.2.1/../../../arm-none-eabi/lib/thumb/v6-m/nofp/crt0.o (atexit)
/usr/lib/gcc/arm-none-eabi/9.2.1/../../../arm-none-eabi/lib/thumb/v6-m/nofp/libc.a(lib_a-calloc.o)
                              CMakeFiles/main.dir/home/amalmathew/Documents/RaspberryPiPico/pico-sdk/src/rp2_common/pico_malloc/pico_malloc.c.obj (calloc)
/usr/lib/gcc/arm-none-eabi/9.2.1/../../../arm-none-eabi/lib/thumb/v6-m/nofp/libc.a(lib_a-callocr.o)
                              /usr/lib/gcc/arm-none-eabi/9.2.1/../../../arm-none-eabi/lib/thumb/v6-m/nofp/libc.a(lib_a-calloc.o) (_calloc_r)
/usr/lib/gcc/arm-none-eabi/9.2.1/../../../arm-none-eabi/lib/thumb/v6-m/nofp/libc.a(lib_a-fini.o)
                              /usr/lib/gcc/arm-none-eabi/9.2.1/../../../arm-none-eabi/lib/thumb/v6-m/nofp/crt0.o (__libc_fini_array)
/usr/lib/gcc/arm-none-eabi/9.2.1/../../../arm-none-eabi/lib/thumb/v6-m/nofp/libc.a(lib_a-impure.o)
                              /usr/lib/gcc/arm-none-eabi/9.2.1/../../../arm-none-eabi/lib/thumb/v6-m/nofp/libc.a(lib_a-calloc.o) (_impure_ptr)
/usr/lib/gcc/arm-none-eabi/9.2.1/../../../arm-none-eabi/lib/thumb/v6-m/nofp/libc.a(lib_a-init.o)
                              /usr/lib/gcc/arm-none-eabi/9.2.1/../../../arm-none-eabi/lib/thumb/v6-m/nofp/crt0.o (__libc_init_array)
/usr/lib/gcc/arm-none-eabi/9.2.1/../../../arm-none-eabi/lib/thumb/v6-m/nofp/libc.a(lib_a-malloc.o)
                              CMakeFiles/main.dir/home/amalmathew/Documents/RaspberryPiPico/pico-sdk/src/rp2_common/pico_malloc/pico_malloc.c.obj (malloc)
/usr/lib/gcc/arm-none-eabi/9.2.1/../../../arm-none-eabi/lib/thumb/v6-m/nofp/libc.a(lib_a-mallocr.o)
                              /usr/lib/gcc/arm-none-eabi/9.2.1/../../../arm-none-eabi/lib/thumb/v6-m/nofp/libc.a(lib_a-callocr.o) (_malloc_r)
/usr/lib/gcc/arm-none-eabi/9.2.1/../../../arm-none-eabi/lib/thumb/v6-m/nofp/libc.a(lib_a-mlock.o)
                              /usr/lib/gcc/arm-none-eabi/9.2.1/../../../arm-none-eabi/lib/thumb/v6-m/nofp/libc.a(lib_a-mallocr.o) (__malloc_lock)
/usr/lib/gcc/arm-none-eabi/9.2.1/../../../arm-none-eabi/lib/thumb/v6-m/nofp/libc.a(lib_a-sbrkr.o)
                              /usr/lib/gcc/arm-none-eabi/9.2.1/../../../arm-none-eabi/lib/thumb/v6-m/nofp/libc.a(lib_a-mallocr.o) (_sbrk_r)
/usr/lib/gcc/arm-none-eabi/9.2.1/../../../arm-none-eabi/lib/thumb/v6-m/nofp/libc.a(lib_a-strlen-stub.o)
                              CMakeFiles/main.dir/home/amalmathew/Documents/RaspberryPiPico/pico-sdk/src/rp2_common/pico_stdio/stdio.c.obj (strlen)
/usr/lib/gcc/arm-none-eabi/9.2.1/../../../arm-none-eabi/lib/thumb/v6-m/nofp/libc.a(lib_a-__atexit.o)
                              /usr/lib/gcc/arm-none-eabi/9.2.1/../../../arm-none-eabi/lib/thumb/v6-m/nofp/libc.a(lib_a-atexit.o) (__register_exitproc)
/usr/lib/gcc/arm-none-eabi/9.2.1/../../../arm-none-eabi/lib/thumb/v6-m/nofp/libc.a(lib_a-freer.o)
                              /usr/lib/gcc/arm-none-eabi/9.2.1/../../../arm-none-eabi/lib/thumb/v6-m/nofp/libc.a(lib_a-malloc.o) (_free_r)
/usr/lib/gcc/arm-none-eabi/9.2.1/../../../arm-none-eabi/lib/thumb/v6-m/nofp/libc.a(lib_a-reent.o)
                              /usr/lib/gcc/arm-none-eabi/9.2.1/../../../arm-none-eabi/lib/thumb/v6-m/nofp/libc.a(lib_a-sbrkr.o) (errno)

Allocating common symbols
Common symbol       size              file

LANBuffer           0x5c0             CMakeFiles/main.dir/main.c.obj
sf_table            0x100             CMakeFiles/main.dir/home/amalmathew/Documents/RaspberryPiPico/pico-sdk/src/rp2_common/pico_float/float_init_rom.c.obj
DHCP_CHADDR         0x6               CMakeFiles/main.dir/dhcp.c.obj
errno               0x4               /usr/lib/gcc/arm-none-eabi/9.2.1/../../../arm-none-eabi/lib/thumb/v6-m/nofp/libc.a(lib_a-reent.o)
SourceIP            0x4               CMakeFiles/main.dir/main.c.obj
DHCP_XID            0x4               CMakeFiles/main.dir/dhcp.c.obj
DHCP_REAL_SIP       0x4               CMakeFiles/main.dir/dhcp.c.obj
DHCP_SIP            0x4               CMakeFiles/main.dir/dhcp.c.obj
pDHCPMSG            0x4               CMakeFiles/main.dir/dhcp.c.obj
sd_table            0x100             CMakeFiles/main.dir/home/amalmathew/Documents/RaspberryPiPico/pico-sdk/src/rp2_common/pico_double/double_init_rom.c.obj
uart_char_to_line_feed
                    0x4               CMakeFiles/main.dir/home/amalmathew/Documents/RaspberryPiPico/pico-sdk/src/rp2_common/hardware_uart/uart.c.obj
DHCP_SOCKET         0x1               CMakeFiles/main.dir/dhcp.c.obj

Discarded input sections

[...]
Memory Configuration

Name             Origin             Length             Attributes
FLASH            0x0000000010000000 0x0000000000200000 xr
RAM              0x0000000020000000 0x0000000000040000 xrw
SCRATCH_X        0x0000000020040000 0x0000000000001000 xrw
SCRATCH_Y        0x0000000020041000 0x0000000000001000 xrw
*default*        0x0000000000000000 0xffffffffffffffff

Linker script and memory map

LOAD /usr/lib/gcc/arm-none-eabi/9.2.1/thumb/v6-m/nofp/crti.o
LOAD /usr/lib/gcc/arm-none-eabi/9.2.1/thumb/v6-m/nofp/crtbegin.o
LOAD /usr/lib/gcc/arm-none-eabi/9.2.1/../../../arm-none-eabi/lib/thumb/v6-m/nofp/crt0.o

.flash_begin    0x0000000010000000        0x0
                0x0000000010000000                __flash_binary_start = .

.boot2          0x0000000010000000      0x100
                0x0000000010000000                __boot2_start__ = .
 *(.boot2)
 .boot2         0x0000000010000000      0x100 /tmp/ccJQlIle.o
                0x0000000010000100                __boot2_end__ = .
                0x0000000000000001                ASSERT (((__boot2_end__ - __boot2_start__) == 0x100), ERROR: Pico second stage bootloader must be 256 bytes in size)

.text           0x0000000010000100     0x6b30
                0x0000000010000100                __logical_binary_start = .
 *(.vectors)
 .vectors       0x0000000010000100       0xd4 CMakeFiles/main.dir/home/amalmathew/Documents/RaspberryPiPico/pico-sdk/src/rp2_common/pico_standard_link/crt0.S.obj
                0x0000000010000100                __vectors
                0x0000000010000100                __VECTOR_TABLE
                0x00000000100001c0                isr_invalid
                0x00000000100001c0                __default_isrs_start
                0x00000000100001c2                isr_nmi
                0x00000000100001c4                isr_hardfault
                0x00000000100001c6                isr_svcall
                0x00000000100001c8                isr_pendsv
                0x00000000100001ca                isr_systick
                0x00000000100001cc                isr_irq30
                0x00000000100001cc                __unhandled_user_irq
                0x00000000100001cc                isr_irq13
                0x00000000100001cc                isr_irq27
                0x00000000100001cc                isr_irq31
                0x00000000100001cc                isr_irq5
                0x00000000100001cc                isr_irq11
                0x00000000100001cc                isr_irq23
                0x00000000100001cc                isr_irq18
                0x00000000100001cc                isr_irq28
                0x00000000100001cc                isr_irq19
                0x00000000100001cc                isr_irq0
                0x00000000100001cc                isr_irq6
                0x00000000100001cc                isr_irq22
                0x00000000100001cc                isr_irq17
                0x00000000100001cc                isr_irq14
                0x00000000100001cc                isr_irq2
                0x00000000100001cc                isr_irq10
                0x00000000100001cc                isr_irq8
                0x00000000100001cc                isr_irq24
                0x00000000100001cc                isr_irq1
                0x00000000100001cc                isr_irq7
                0x00000000100001cc                isr_irq21
                0x00000000100001cc                isr_irq20
                0x00000000100001cc                isr_irq15
                0x00000000100001cc                isr_irq25
                0x00000000100001cc                isr_irq4
                0x00000000100001cc                isr_irq16
                0x00000000100001cc                isr_irq29
                0x00000000100001cc                isr_irq26
                0x00000000100001cc                __default_isrs_end
                0x00000000100001cc                isr_irq3
                0x00000000100001cc                isr_irq12
                0x00000000100001cc                isr_irq9
                0x00000000100001d2                unhandled_user_irq_num_in_r0
 *(.binary_info_header)
 .binary_info_header
                0x00000000100001d4       0x14 CMakeFiles/main.dir/home/amalmathew/Documents/RaspberryPiPico/pico-sdk/src/rp2_common/pico_standard_link/crt0.S.obj
                0x00000000100001e8                __binary_info_header_end = .
 *(.reset)
 .reset         0x00000000100001e8       0xa8 CMakeFiles/main.dir/home/amalmathew/Documents/RaspberryPiPico/pico-sdk/src/rp2_common/pico_standard_link/crt0.S.obj
                0x00000000100001e8                _entry_point
                0x0000000010000266                __get_current_exception
 .reset         0x0000000010000290       0x30 CMakeFiles/main.dir/home/amalmathew/Documents/RaspberryPiPico/pico-sdk/src/rp2_common/pico_standard_link/binary_info.c.obj
 *(.init)
 .init          0x00000000100002c0        0x4 /usr/lib/gcc/arm-none-eabi/9.2.1/thumb/v6-m/nofp/crti.o
                0x00000000100002c0                _init
 *(EXCLUDE_FILE(*libm.a: *libc.a:*lib_a-mem*.o *libgcc.a:) .text*)
 .text          0x00000000100002c4       0x98 /usr/lib/gcc/arm-none-eabi/9.2.1/thumb/v6-m/nofp/crtbegin.o
 .text.dhcp_update
                0x000000001000035c        0x4 CMakeFiles/main.dir/main.c.obj
                0x000000001000035c                dhcp_update
 .text.dhcp_assign
                0x0000000010000360       0x30 CMakeFiles/main.dir/main.c.obj
                0x0000000010000360                dhcp_assign
 .text.periodic_timer_callback
                0x0000000010000390       0x74 CMakeFiles/main.dir/main.c.obj
                0x0000000010000390                periodic_timer_callback
 .text.dhcp_conflict
                0x0000000010000404        0x4 CMakeFiles/main.dir/main.c.obj
                0x0000000010000404                dhcp_conflict
 .text.print_network_information
                0x0000000010000408       0x80 CMakeFiles/main.dir/main.c.obj
                0x0000000010000408                print_network_information
 .text.startup.main
                0x0000000010000488      0x240 CMakeFiles/main.dir/main.c.obj
                0x0000000010000488                main
 .text.default_ip_assign
                0x00000000100006c8       0x30 CMakeFiles/main.dir/dhcp.c.obj
                0x00000000100006c8                default_ip_assign
 .text.default_ip_conflict
                0x00000000100006f8       0x20 CMakeFiles/main.dir/dhcp.c.obj
                0x00000000100006f8                default_ip_conflict
 .text.default_ip_update
                0x0000000010000718       0x4c CMakeFiles/main.dir/dhcp.c.obj
                0x0000000010000718                default_ip_update
 .text.reg_dhcp_cbfunc
                0x0000000010000764       0x40 CMakeFiles/main.dir/dhcp.c.obj
                0x0000000010000764                reg_dhcp_cbfunc
 .text.makeDHCPMSG
                0x00000000100007a4       0x98 CMakeFiles/main.dir/dhcp.c.obj
                0x00000000100007a4                makeDHCPMSG
 .text.send_DHCP_DISCOVER
                0x000000001000083c      0x2a0 CMakeFiles/main.dir/dhcp.c.obj
                0x000000001000083c                send_DHCP_DISCOVER
 .text.send_DHCP_REQUEST
                0x0000000010000adc      0x430 CMakeFiles/main.dir/dhcp.c.obj
                0x0000000010000adc                send_DHCP_REQUEST
 .text.send_DHCP_DECLINE
                0x0000000010000f0c       0xdc CMakeFiles/main.dir/dhcp.c.obj
                0x0000000010000f0c                send_DHCP_DECLINE
 .text.parseDHCPMSG
                0x0000000010000fe8      0x214 CMakeFiles/main.dir/dhcp.c.obj
                0x0000000010000fe8                parseDHCPMSG
 .text.check_DHCP_timeout
                0x00000000100011fc       0xac CMakeFiles/main.dir/dhcp.c.obj
                0x00000000100011fc                check_DHCP_timeout
 .text.DHCP_run
                0x00000000100012a8      0x258 CMakeFiles/main.dir/dhcp.c.obj
                0x00000000100012a8                DHCP_run
 .text.DHCP_init
                0x0000000010001500       0xc0 CMakeFiles/main.dir/dhcp.c.obj
                0x0000000010001500                DHCP_init
 .text.getIPfromDHCP
                0x00000000100015c0       0x18 CMakeFiles/main.dir/dhcp.c.obj
                0x00000000100015c0                getIPfromDHCP
 .text.getGWfromDHCP
                0x00000000100015d8       0x18 CMakeFiles/main.dir/dhcp.c.obj
                0x00000000100015d8                getGWfromDHCP
 .text.getSNfromDHCP
                0x00000000100015f0       0x18 CMakeFiles/main.dir/dhcp.c.obj
                0x00000000100015f0                getSNfromDHCP
 .text.getDNSfromDHCP
                0x0000000010001608       0x18 CMakeFiles/main.dir/dhcp.c.obj
                0x0000000010001608                getDNSfromDHCP
 .text.socket   0x0000000010001620      0x1bc CMakeFiles/main.dir/socket.c.obj
                0x0000000010001620                socket
 .text.sendto   0x00000000100017dc      0x1ec CMakeFiles/main.dir/socket.c.obj
                0x00000000100017dc                sendto
 .text.recvfrom
                0x00000000100019c8      0x2b4 CMakeFiles/main.dir/socket.c.obj
                0x00000000100019c8                recvfrom
 .text.WIZCHIP_READ.constprop.0
                0x0000000010001c7c       0x58 CMakeFiles/main.dir/w5100s.c.obj
 .text.WIZCHIP_WRITE
                0x0000000010001cd4       0x58 CMakeFiles/main.dir/w5100s.c.obj
                0x0000000010001cd4                WIZCHIP_WRITE
 .text.WIZCHIP_READ
                0x0000000010001d2c       0x5c CMakeFiles/main.dir/w5100s.c.obj
                0x0000000010001d2c                WIZCHIP_READ
 .text.WIZCHIP_WRITE_BUF
                0x0000000010001d88       0x70 CMakeFiles/main.dir/w5100s.c.obj
                0x0000000010001d88                WIZCHIP_WRITE_BUF
 .text.WIZCHIP_READ_BUF
                0x0000000010001df8       0x88 CMakeFiles/main.dir/w5100s.c.obj
                0x0000000010001df8                WIZCHIP_READ_BUF
 .text.getSn_TX_FSR
                0x0000000010001e80       0x48 CMakeFiles/main.dir/w5100s.c.obj
                0x0000000010001e80                getSn_TX_FSR
 .text.getSn_RX_RSR
                0x0000000010001ec8       0x48 CMakeFiles/main.dir/w5100s.c.obj
                0x0000000010001ec8                getSn_RX_RSR
 .text.wiz_send_data
                0x0000000010001f10      0x180 CMakeFiles/main.dir/w5100s.c.obj
                0x0000000010001f10                wiz_send_data
 .text.wiz_recv_data
                0x0000000010002090      0x180 CMakeFiles/main.dir/w5100s.c.obj
                0x0000000010002090                wiz_recv_data
 .text.wiz_recv_ignore
                0x0000000010002210       0x38 CMakeFiles/main.dir/w5100s.c.obj
                0x0000000010002210                wiz_recv_ignore
 .text.wiz_mdio_write
                0x0000000010002248       0x30 CMakeFiles/main.dir/w5100s.c.obj
                0x0000000010002248                wiz_mdio_write
 .text.wiz_mdio_read
                0x0000000010002278       0x30 CMakeFiles/main.dir/w5100s.c.obj
                0x0000000010002278                wiz_mdio_read
 .text.wizchip_cris_enter
                0x00000000100022a8        0x4 CMakeFiles/main.dir/wizchip_conf.c.obj
                0x00000000100022a8                wizchip_cris_enter
 .text.wizchip_cs_select
                0x00000000100022ac        0xc CMakeFiles/main.dir/wizchip_conf.c.obj
                0x00000000100022ac                wizchip_cs_select
 .text.wizchip_cs_deselect
                0x00000000100022b8        0xc CMakeFiles/main.dir/wizchip_conf.c.obj
                0x00000000100022b8                wizchip_cs_deselect
 .text.wizchip_bus_readdata
                0x00000000100022c4        0x8 CMakeFiles/main.dir/wizchip_conf.c.obj
                0x00000000100022c4                wizchip_bus_readdata
 .text.wizchip_bus_writedata
                0x00000000100022cc        0x4 CMakeFiles/main.dir/wizchip_conf.c.obj
                0x00000000100022cc                wizchip_bus_writedata
 .text.wizchip_spi_readbyte
                0x00000000100022d0       0x24 CMakeFiles/main.dir/wizchip_conf.c.obj
                0x00000000100022d0                wizchip_spi_readbyte
 .text.wizchip_spi_writebyte
                0x00000000100022f4       0x1c CMakeFiles/main.dir/wizchip_conf.c.obj
                0x00000000100022f4                wizchip_spi_writebyte
 .text.wizchip_cris_exit
                0x0000000010002310        0x4 CMakeFiles/main.dir/wizchip_conf.c.obj
                0x0000000010002310                wizchip_cris_exit
 .text.reg_wizchip_cs_cbfunc
                0x0000000010002314       0x24 CMakeFiles/main.dir/wizchip_conf.c.obj
                0x0000000010002314                reg_wizchip_cs_cbfunc
 .text.reg_wizchip_spi_cbfunc
                0x0000000010002338       0x2c CMakeFiles/main.dir/wizchip_conf.c.obj
                0x0000000010002338                reg_wizchip_spi_cbfunc
 .text.ctlnetwork
                0x0000000010002364      0x118 CMakeFiles/main.dir/wizchip_conf.c.obj
                0x0000000010002364                ctlnetwork
 .text.wizchip_sw_reset
                0x000000001000247c       0x68 CMakeFiles/main.dir/wizchip_conf.c.obj
                0x000000001000247c                wizchip_sw_reset
 .text.wizchip_init
                0x00000000100024e4      0x124 CMakeFiles/main.dir/wizchip_conf.c.obj
                0x00000000100024e4                wizchip_init
 .text.ctlwizchip
                0x0000000010002608      0x1ac CMakeFiles/main.dir/wizchip_conf.c.obj
                0x0000000010002608                ctlwizchip
 .text.wizchip_getnetinfo
                0x00000000100027b4       0x54 CMakeFiles/main.dir/wizchip_conf.c.obj
                0x00000000100027b4                wizchip_getnetinfo
 .text.gpio_set_function
                0x0000000010002808       0x30 CMakeFiles/main.dir/home/amalmathew/Documents/RaspberryPiPico/pico-sdk/src/rp2_common/hardware_gpio/gpio.c.obj
                0x0000000010002808                gpio_set_function
 .text.gpio_set_input_enabled
                0x0000000010002838       0x28 CMakeFiles/main.dir/home/amalmathew/Documents/RaspberryPiPico/pico-sdk/src/rp2_common/hardware_gpio/gpio.c.obj
                0x0000000010002838                gpio_set_input_enabled
 .text.gpio_init
                0x0000000010002860       0x3c CMakeFiles/main.dir/home/amalmathew/Documents/RaspberryPiPico/pico-sdk/src/rp2_common/hardware_gpio/gpio.c.obj
                0x0000000010002860                gpio_init
 .text.hw_claim_or_assert
                0x000000001000289c       0x48 CMakeFiles/main.dir/home/amalmathew/Documents/RaspberryPiPico/pico-sdk/src/rp2_common/hardware_claim/claim.c.obj
                0x000000001000289c                hw_claim_or_assert
 .text.running_on_fpga
                0x00000000100028e4       0x10 CMakeFiles/main.dir/home/amalmathew/Documents/RaspberryPiPico/pico-sdk/src/rp2_common/pico_platform/platform.c.obj
                0x00000000100028e4                running_on_fpga
 .text.spin_locks_reset
                0x00000000100028f4       0x1c CMakeFiles/main.dir/home/amalmathew/Documents/RaspberryPiPico/pico-sdk/src/rp2_common/hardware_sync/sync.c.obj
                0x00000000100028f4                spin_locks_reset
 .text.next_striped_spin_lock_num
                0x0000000010002910       0x18 CMakeFiles/main.dir/home/amalmathew/Documents/RaspberryPiPico/pico-sdk/src/rp2_common/hardware_sync/sync.c.obj
                0x0000000010002910                next_striped_spin_lock_num
 .text.uart_init
                0x0000000010002928       0xe4 CMakeFiles/main.dir/home/amalmathew/Documents/RaspberryPiPico/pico-sdk/src/rp2_common/hardware_uart/uart.c.obj
                0x0000000010002928                uart_init
 .text.timer_pool_entry_comparator
                0x0000000010002a0c       0x34 CMakeFiles/main.dir/home/amalmathew/Documents/RaspberryPiPico/pico-sdk/src/common/pico_time/time.c.obj
                0x0000000010002a0c                timer_pool_entry_comparator
 .text.repeating_timer_callback
                0x0000000010002a40       0x1c CMakeFiles/main.dir/home/amalmathew/Documents/RaspberryPiPico/pico-sdk/src/common/pico_time/time.c.obj
 .text.sleep_until_callback
                0x0000000010002a5c       0x30 CMakeFiles/main.dir/home/amalmathew/Documents/RaspberryPiPico/pico-sdk/src/common/pico_time/time.c.obj
 .text.alarm_pool_add_alarm_at.constprop.0
                0x0000000010002a8c      0x128 CMakeFiles/main.dir/home/amalmathew/Documents/RaspberryPiPico/pico-sdk/src/common/pico_time/time.c.obj
 .text.add_alarm_under_lock
                0x0000000010002bb4      0x108 CMakeFiles/main.dir/home/amalmathew/Documents/RaspberryPiPico/pico-sdk/src/common/pico_time/time.c.obj
 .text.alarm_pool_alarm_callback
                0x0000000010002cbc      0x1c8 CMakeFiles/main.dir/home/amalmathew/Documents/RaspberryPiPico/pico-sdk/src/common/pico_time/time.c.obj
 .text.alarm_pool_init_default
                0x0000000010002e84       0x64 CMakeFiles/main.dir/home/amalmathew/Documents/RaspberryPiPico/pico-sdk/src/common/pico_time/time.c.obj
                0x0000000010002e84                alarm_pool_init_default
 .text.alarm_pool_get_default
                0x0000000010002ee8        0x8 CMakeFiles/main.dir/home/amalmathew/Documents/RaspberryPiPico/pico-sdk/src/common/pico_time/time.c.obj
                0x0000000010002ee8                alarm_pool_get_default
 .text.alarm_pool_add_repeating_timer_us
                0x0000000010002ef0      0x240 CMakeFiles/main.dir/home/amalmathew/Documents/RaspberryPiPico/pico-sdk/src/common/pico_time/time.c.obj
                0x0000000010002ef0                alarm_pool_add_repeating_timer_us
 .text.sleep_until
                0x0000000010003130       0xac CMakeFiles/main.dir/home/amalmathew/Documents/RaspberryPiPico/pico-sdk/src/common/pico_time/time.c.obj
                0x0000000010003130                sleep_until
 .text.sleep_ms
                0x00000000100031dc       0x38 CMakeFiles/main.dir/home/amalmathew/Documents/RaspberryPiPico/pico-sdk/src/common/pico_time/time.c.obj
                0x00000000100031dc                sleep_ms
 .text.hardware_alarm_irq_handler
                0x0000000010003214       0xb8 CMakeFiles/main.dir/home/amalmathew/Documents/RaspberryPiPico/pico-sdk/src/rp2_common/hardware_timer/timer.c.obj
 .text.hardware_alarm_claim
                0x00000000100032cc       0x18 CMakeFiles/main.dir/home/amalmathew/Documents/RaspberryPiPico/pico-sdk/src/rp2_common/hardware_timer/timer.c.obj
                0x00000000100032cc                hardware_alarm_claim
 .text.time_us_64
                0x00000000100032e4       0x14 CMakeFiles/main.dir/home/amalmathew/Documents/RaspberryPiPico/pico-sdk/src/rp2_common/hardware_timer/timer.c.obj
                0x00000000100032e4                time_us_64
 .text.busy_wait_until
                0x00000000100032f8       0x20 CMakeFiles/main.dir/home/amalmathew/Documents/RaspberryPiPico/pico-sdk/src/rp2_common/hardware_timer/timer.c.obj
                0x00000000100032f8                busy_wait_until
 .text.hardware_alarm_set_callback
                0x0000000010003318       0x8c CMakeFiles/main.dir/home/amalmathew/Documents/RaspberryPiPico/pico-sdk/src/rp2_common/hardware_timer/timer.c.obj
                0x0000000010003318                hardware_alarm_set_callback
 .text.hardware_alarm_set_target
                0x00000000100033a4       0xe4 CMakeFiles/main.dir/home/amalmathew/Documents/RaspberryPiPico/pico-sdk/src/rp2_common/hardware_timer/timer.c.obj
                0x00000000100033a4                hardware_alarm_set_target
 .text.hardware_alarm_cancel
                0x0000000010003488       0x40 CMakeFiles/main.dir/home/amalmathew/Documents/RaspberryPiPico/pico-sdk/src/rp2_common/hardware_timer/timer.c.obj
                0x0000000010003488                hardware_alarm_cancel
 .text.lock_init
                0x00000000100034c8       0x10 CMakeFiles/main.dir/home/amalmathew/Documents/RaspberryPiPico/pico-sdk/src/common/pico_sync/lock_core.c.obj
                0x00000000100034c8                lock_init
 .text.mutex_init
                0x00000000100034d8       0x1c CMakeFiles/main.dir/home/amalmathew/Documents/RaspberryPiPico/pico-sdk/src/common/pico_sync/mutex.c.obj
                0x00000000100034d8                mutex_init
 .text.recursive_mutex_init
                0x00000000100034f4       0x1c CMakeFiles/main.dir/home/amalmathew/Documents/RaspberryPiPico/pico-sdk/src/common/pico_sync/mutex.c.obj
                0x00000000100034f4                recursive_mutex_init
 .text.ph_merge_nodes
                0x0000000010003510       0x68 CMakeFiles/main.dir/home/amalmathew/Documents/RaspberryPiPico/pico-sdk/src/common/pico_util/pheap.c.obj
 .text.ph_post_alloc_init
                0x0000000010003578       0x3c CMakeFiles/main.dir/home/amalmathew/Documents/RaspberryPiPico/pico-sdk/src/common/pico_util/pheap.c.obj
                0x0000000010003578                ph_post_alloc_init
 .text.ph_merge_two_pass
                0x00000000100035b4       0x90 CMakeFiles/main.dir/home/amalmathew/Documents/RaspberryPiPico/pico-sdk/src/common/pico_util/pheap.c.obj
                0x00000000100035b4                ph_merge_two_pass
 .text.ph_remove_any_head
                0x0000000010003644       0xf8 CMakeFiles/main.dir/home/amalmathew/Documents/RaspberryPiPico/pico-sdk/src/common/pico_util/pheap.c.obj
 .text.ph_remove_head
                0x000000001000373c      0x13c CMakeFiles/main.dir/home/amalmathew/Documents/RaspberryPiPico/pico-sdk/src/common/pico_util/pheap.c.obj
                0x000000001000373c                ph_remove_head
 .text.ph_remove_and_free_node
                0x0000000010003878       0x7c CMakeFiles/main.dir/home/amalmathew/Documents/RaspberryPiPico/pico-sdk/src/common/pico_util/pheap.c.obj
                0x0000000010003878                ph_remove_and_free_node
 .text.runtime_init
                0x00000000100038f4       0xf0 CMakeFiles/main.dir/home/amalmathew/Documents/RaspberryPiPico/pico-sdk/src/rp2_common/pico_runtime/runtime.c.obj
                0x00000000100038f4                runtime_init
 .text.exit     0x00000000100039e4        0x4 CMakeFiles/main.dir/home/amalmathew/Documents/RaspberryPiPico/pico-sdk/src/rp2_common/pico_runtime/runtime.c.obj
                0x00000000100039e4                exit
 .text.panic    0x00000000100039e8       0x30 CMakeFiles/main.dir/home/amalmathew/Documents/RaspberryPiPico/pico-sdk/src/rp2_common/pico_runtime/runtime.c.obj
                0x00000000100039e8                panic
 .text.hard_assertion_failure
                0x0000000010003a18        0xc CMakeFiles/main.dir/home/amalmathew/Documents/RaspberryPiPico/pico-sdk/src/rp2_common/pico_runtime/runtime.c.obj
                0x0000000010003a18                hard_assertion_failure
 .text.clocks_init
                0x0000000010003a24      0x2bc CMakeFiles/main.dir/home/amalmathew/Documents/RaspberryPiPico/pico-sdk/src/rp2_common/hardware_clocks/clocks.c.obj
                0x0000000010003a24                clocks_init
 .text.clock_get_hz
                0x0000000010003ce0        0xc CMakeFiles/main.dir/home/amalmathew/Documents/RaspberryPiPico/pico-sdk/src/rp2_common/hardware_clocks/clocks.c.obj
                0x0000000010003ce0                clock_get_hz
 .text.irq_set_enabled
                0x0000000010003cec       0x24 CMakeFiles/main.dir/home/amalmathew/Documents/RaspberryPiPico/pico-sdk/src/rp2_common/hardware_irq/irq.c.obj
                0x0000000010003cec                irq_set_enabled
 .text.irq_get_vtable_handler
                0x0000000010003d10       0x10 CMakeFiles/main.dir/home/amalmathew/Documents/RaspberryPiPico/pico-sdk/src/rp2_common/hardware_irq/irq.c.obj
                0x0000000010003d10                irq_get_vtable_handler
 .text.irq_set_exclusive_handler
                0x0000000010003d20       0x54 CMakeFiles/main.dir/home/amalmathew/Documents/RaspberryPiPico/pico-sdk/src/rp2_common/hardware_irq/irq.c.obj
                0x0000000010003d20                irq_set_exclusive_handler
 .text.irq_remove_handler
                0x0000000010003d74      0x1b8 CMakeFiles/main.dir/home/amalmathew/Documents/RaspberryPiPico/pico-sdk/src/rp2_common/hardware_irq/irq.c.obj
                0x0000000010003d74                irq_remove_handler
 .text.irq_add_tail_to_free_list
                0x0000000010003f2c       0xb8 CMakeFiles/main.dir/home/amalmathew/Documents/RaspberryPiPico/pico-sdk/src/rp2_common/hardware_irq/irq.c.obj
                0x0000000010003f2c                irq_add_tail_to_free_list
 .text.irq_init_priorities
                0x0000000010003fe4       0x24 CMakeFiles/main.dir/home/amalmathew/Documents/RaspberryPiPico/pico-sdk/src/rp2_common/hardware_irq/irq.c.obj
                0x0000000010003fe4                irq_init_priorities
 .text.pll_init
                0x0000000010004008       0xa4 CMakeFiles/main.dir/home/amalmathew/Documents/RaspberryPiPico/pico-sdk/src/rp2_common/hardware_pll/pll.c.obj
                0x0000000010004008                pll_init
 .text.watchdog_start_tick
                0x00000000100040ac       0x10 CMakeFiles/main.dir/home/amalmathew/Documents/RaspberryPiPico/pico-sdk/src/rp2_common/hardware_watchdog/watchdog.c.obj
                0x00000000100040ac                watchdog_start_tick
 .text.xosc_init
                0x00000000100040bc       0x28 CMakeFiles/main.dir/home/amalmathew/Documents/RaspberryPiPico/pico-sdk/src/rp2_common/hardware_xosc/xosc.c.obj
                0x00000000100040bc                xosc_init
 .text._out_null
                0x00000000100040e4        0x4 CMakeFiles/main.dir/home/amalmathew/Documents/RaspberryPiPico/pico-sdk/src/rp2_common/pico_printf/printf.c.obj
 .text._out_rev
                0x00000000100040e8       0xd0 CMakeFiles/main.dir/home/amalmathew/Documents/RaspberryPiPico/pico-sdk/src/rp2_common/pico_printf/printf.c.obj
 .text._ntoa_format
                0x00000000100041b8      0x1d0 CMakeFiles/main.dir/home/amalmathew/Documents/RaspberryPiPico/pico-sdk/src/rp2_common/pico_printf/printf.c.obj
 .text._out_char
                0x0000000010004388       0x10 CMakeFiles/main.dir/home/amalmathew/Documents/RaspberryPiPico/pico-sdk/src/rp2_common/pico_printf/printf.c.obj
 .text._out_fct
                0x0000000010004398       0x10 CMakeFiles/main.dir/home/amalmathew/Documents/RaspberryPiPico/pico-sdk/src/rp2_common/pico_printf/printf.c.obj
 .text._etoa    0x00000000100043a8      0x478 CMakeFiles/main.dir/home/amalmathew/Documents/RaspberryPiPico/pico-sdk/src/rp2_common/pico_printf/printf.c.obj
 .text._ftoa    0x0000000010004820      0x3e0 CMakeFiles/main.dir/home/amalmathew/Documents/RaspberryPiPico/pico-sdk/src/rp2_common/pico_printf/printf.c.obj
 .text._vsnprintf
                0x0000000010004c00      0xb08 CMakeFiles/main.dir/home/amalmathew/Documents/RaspberryPiPico/pico-sdk/src/rp2_common/pico_printf/printf.c.obj
 .text.vfctprintf
                0x0000000010005708       0x20 CMakeFiles/main.dir/home/amalmathew/Documents/RaspberryPiPico/pico-sdk/src/rp2_common/pico_printf/printf.c.obj
                0x0000000010005708                vfctprintf
 .text.weak_raw_vprintf
                0x0000000010005728       0x30 CMakeFiles/main.dir/home/amalmathew/Documents/RaspberryPiPico/pico-sdk/src/rp2_common/pico_printf/printf.c.obj
                0x0000000010005728                weak_raw_vprintf
 .text          0x0000000010005758       0x10 CMakeFiles/main.dir/home/amalmathew/Documents/RaspberryPiPico/pico-sdk/src/rp2_common/pico_bit_ops/bit_ops_aeabi.S.obj
 .text.rom_func_lookup
                0x0000000010005768       0x10 CMakeFiles/main.dir/home/amalmathew/Documents/RaspberryPiPico/pico-sdk/src/rp2_common/pico_bootrom/bootrom.c.obj
                0x0000000010005768                rom_func_lookup
 .text.rom_data_lookup
                0x0000000010005778       0x10 CMakeFiles/main.dir/home/amalmathew/Documents/RaspberryPiPico/pico-sdk/src/rp2_common/pico_bootrom/bootrom.c.obj
                0x0000000010005778                rom_data_lookup
 .text.rom_funcs_lookup
                0x0000000010005788       0x3c CMakeFiles/main.dir/home/amalmathew/Documents/RaspberryPiPico/pico-sdk/src/rp2_common/pico_bootrom/bootrom.c.obj
                0x0000000010005788                rom_funcs_lookup
 .text.__wrap___aeabi_idiv
                0x00000000100057c4       0x50 CMakeFiles/main.dir/home/amalmathew/Documents/RaspberryPiPico/pico-sdk/src/rp2_common/pico_divider/divider.S.obj
                0x00000000100057c4                __wrap___aeabi_idivmod
                0x00000000100057c4                divmod_s32s32
                0x00000000100057c4                div_s32s32
                0x00000000100057c4                __wrap___aeabi_idiv
                0x00000000100057cc                divmod_s32s32_unsafe
                0x00000000100057f8                divmod_s32s32_savestate
 .text.__wrap___aeabi_uidiv
                0x0000000010005814       0x4c CMakeFiles/main.dir/home/amalmathew/Documents/RaspberryPiPico/pico-sdk/src/rp2_common/pico_divider/divider.S.obj
                0x0000000010005814                __wrap___aeabi_uidiv
                0x0000000010005814                __wrap___aeabi_uidivmod
                0x0000000010005814                div_u32u32
                0x0000000010005814                divmod_u32u32
                0x000000001000581c                divmod_u32u32_unsafe
                0x0000000010005844                divmod_u32u32_savestate
 .text.__wrap___aeabi_ldiv
                0x0000000010005860      0x434 CMakeFiles/main.dir/home/amalmathew/Documents/RaspberryPiPico/pico-sdk/src/rp2_common/pico_divider/divider.S.obj
                0x0000000010005860                div_s64s64
                0x0000000010005860                divmod_s64s64
                0x0000000010005860                __wrap___aeabi_ldivmod
                0x0000000010005898                div_u64u64
                0x0000000010005898                divmod_u64u64
                0x0000000010005898                __wrap___aeabi_uldivmod
                0x00000000100058a8                divmod_u64u64_savestate
                0x00000000100058d0                divmod_s64s64_unsafe
                0x0000000010005958                divmod_u64u64_unsafe
 .text.__wrap___aeabi_darithmetic
                0x0000000010005c94       0x80 CMakeFiles/main.dir/home/amalmathew/Documents/RaspberryPiPico/pico-sdk/src/rp2_common/pico_double/double_aeabi.S.obj
                0x0000000010005c94                __wrap___aeabi_drsub
                0x0000000010005c9a                __wrap___aeabi_dsub
                0x0000000010005cac                __wrap___aeabi_dadd
                0x0000000010005cbe                __wrap___aeabi_ddiv
                0x0000000010005cfa                __wrap___aeabi_dmul
 .text.__wrap___aeabi_cdcmple
                0x0000000010005d14       0x6c CMakeFiles/main.dir/home/amalmathew/Documents/RaspberryPiPico/pico-sdk/src/rp2_common/pico_double/double_aeabi.S.obj
                0x0000000010005d14                __wrap___aeabi_cdrcmple
                0x0000000010005d24                __wrap___aeabi_cdcmple
                0x0000000010005d24                __wrap___aeabi_cdcmpeq
 .text.__wrap___aeabi_dcmplt
                0x0000000010005d80        0xc CMakeFiles/main.dir/home/amalmathew/Documents/RaspberryPiPico/pico-sdk/src/rp2_common/pico_double/double_aeabi.S.obj
                0x0000000010005d80                __wrap___aeabi_dcmplt
 .text.__wrap___aeabi_dcmple
                0x0000000010005d8c       0x10 CMakeFiles/main.dir/home/amalmathew/Documents/RaspberryPiPico/pico-sdk/src/rp2_common/pico_double/double_aeabi.S.obj
                0x0000000010005d8c                __wrap___aeabi_dcmple
 .text.__wrap___aeabi_dcmpge
                0x0000000010005d9c       0x10 CMakeFiles/main.dir/home/amalmathew/Documents/RaspberryPiPico/pico-sdk/src/rp2_common/pico_double/double_aeabi.S.obj
                0x0000000010005d9c                __wrap___aeabi_dcmpge
 .text.__wrap___aeabi_dcmpgt
                0x0000000010005dac        0xa CMakeFiles/main.dir/home/amalmathew/Documents/RaspberryPiPico/pico-sdk/src/rp2_common/pico_double/double_aeabi.S.obj
                0x0000000010005dac                __wrap___aeabi_dcmpgt
 .text.__wrap___aeabi_dcmpun
                0x0000000010005db6       0x1c CMakeFiles/main.dir/home/amalmathew/Documents/RaspberryPiPico/pico-sdk/src/rp2_common/pico_double/double_aeabi.S.obj
                0x0000000010005db6                __wrap___aeabi_dcmpun
 *fill*         0x0000000010005dd2        0x2 
 .text.__wrap___aeabi_i2d
                0x0000000010005dd4       0x38 CMakeFiles/main.dir/home/amalmathew/Documents/RaspberryPiPico/pico-sdk/src/rp2_common/pico_double/double_aeabi.S.obj
                0x0000000010005dd4                __wrap___aeabi_ui2d
                0x0000000010005ddc                __wrap___aeabi_i2d
 .text.__wrap___aeabi_d2iz
                0x0000000010005e0c       0x48 CMakeFiles/main.dir/home/amalmathew/Documents/RaspberryPiPico/pico-sdk/src/rp2_common/pico_double/double_aeabi.S.obj
                0x0000000010005e0c                __wrap___aeabi_d2iz
                0x0000000010005e0c                double2int_z
 .text.__wrap___aeabi_d2uiz
                0x0000000010005e54       0x18 CMakeFiles/main.dir/home/amalmathew/Documents/RaspberryPiPico/pico-sdk/src/rp2_common/pico_double/double_aeabi.S.obj
                0x0000000010005e54                double2uint
                0x0000000010005e54                __wrap___aeabi_d2uiz
 .text.__aeabi_double_init
                0x0000000010005e6c       0xc0 CMakeFiles/main.dir/home/amalmathew/Documents/RaspberryPiPico/pico-sdk/src/rp2_common/pico_double/double_init_rom.c.obj
                0x0000000010005e6c                __aeabi_double_init
 .text.double_table_shim_on_use_helper
                0x0000000010005f2c       0x2c CMakeFiles/main.dir/home/amalmathew/Documents/RaspberryPiPico/pico-sdk/src/rp2_common/pico_double/double_v1_rom_shim.S.obj
                0x0000000010005f2c                double_table_shim_on_use_helper
 .text.__wrap___aeabi_dsub
                0x0000000010005f58       0x10 CMakeFiles/main.dir/home/amalmathew/Documents/RaspberryPiPico/pico-sdk/src/rp2_common/pico_double/double_v1_rom_shim.S.obj
                0x0000000010005f58                drsub_shim
                0x0000000010005f5e                dsub_shim
 .text.dadd_shim
                0x0000000010005f68      0x15c CMakeFiles/main.dir/home/amalmathew/Documents/RaspberryPiPico/pico-sdk/src/rp2_common/pico_double/double_v1_rom_shim.S.obj
                0x0000000010005f68                dadd_shim
 .text.dmul_shim
                0x00000000100060c4      0x15c CMakeFiles/main.dir/home/amalmathew/Documents/RaspberryPiPico/pico-sdk/src/rp2_common/pico_double/double_v1_rom_shim.S.obj
                0x00000000100060c4                dmul_shim
 .text.ddiv_shim
                0x0000000010006220      0x1b0 CMakeFiles/main.dir/home/amalmathew/Documents/RaspberryPiPico/pico-sdk/src/rp2_common/pico_double/double_v1_rom_shim.S.obj
                0x0000000010006220                ddiv_shim
 .text.double2uint_shim
                0x00000000100063d0        0xe CMakeFiles/main.dir/home/amalmathew/Documents/RaspberryPiPico/pico-sdk/src/rp2_common/pico_double/double_v1_rom_shim.S.obj
                0x00000000100063d0                double2uint_shim
                0x00000000100063d2                double2ufix_shim
 *fill*         0x00000000100063de        0x2 
 .text.double2uint64_shim
                0x00000000100063e0       0x70 CMakeFiles/main.dir/home/amalmathew/Documents/RaspberryPiPico/pico-sdk/src/rp2_common/pico_double/double_v1_rom_shim.S.obj
                0x00000000100063e0                double2uint64_shim
                0x00000000100063e2                double2ufix64_shim
                0x0000000010006402                d2fix_a
 .text.dunpacks
                0x0000000010006450       0x3c CMakeFiles/main.dir/home/amalmathew/Documents/RaspberryPiPico/pico-sdk/src/rp2_common/pico_double/double_v1_rom_shim.S.obj
                0x0000000010006450                dunpacks
 .text.__aeabi_lmul
                0x000000001000648c       0x32 CMakeFiles/main.dir/home/amalmathew/Documents/RaspberryPiPico/pico-sdk/src/rp2_common/pico_int64_ops/pico_int64_ops_aeabi.S.obj
                0x000000001000648c                __wrap___aeabi_lmul
 *fill*         0x00000000100064be        0x2 
 .text.__aeabi_float_init
                0x00000000100064c0       0x64 CMakeFiles/main.dir/home/amalmathew/Documents/RaspberryPiPico/pico-sdk/src/rp2_common/pico_float/float_init_rom.c.obj
                0x00000000100064c0                __aeabi_float_init
 .text.float_table_shim_on_use_helper
                0x0000000010006524       0x2c CMakeFiles/main.dir/home/amalmathew/Documents/RaspberryPiPico/pico-sdk/src/rp2_common/pico_float/float_v1_rom_shim.S.obj
                0x0000000010006524                float_table_shim_on_use_helper
 .text          0x0000000010006550       0x10 CMakeFiles/main.dir/home/amalmathew/Documents/RaspberryPiPico/pico-sdk/src/rp2_common/pico_mem_ops/mem_ops_aeabi.S.obj
                0x0000000010006550                __aeabi_mem_init
 .text.memset   0x0000000010006560        0xc CMakeFiles/main.dir/home/amalmathew/Documents/RaspberryPiPico/pico-sdk/src/rp2_common/pico_mem_ops/mem_ops_aeabi.S.obj
                0x0000000010006560                __wrap_memset
 .text.memcpy   0x000000001000656c        0xc CMakeFiles/main.dir/home/amalmathew/Documents/RaspberryPiPico/pico-sdk/src/rp2_common/pico_mem_ops/mem_ops_aeabi.S.obj
                0x000000001000656c                __wrap___aeabi_memcpy
                0x000000001000656c                __wrap_memcpy
 .text.stdio_out_chars_no_crlf
                0x0000000010006578       0x10 CMakeFiles/main.dir/home/amalmathew/Documents/RaspberryPiPico/pico-sdk/src/rp2_common/pico_stdio/stdio.c.obj
 .text.stdio_out_chars_crlf
                0x0000000010006588       0x94 CMakeFiles/main.dir/home/amalmathew/Documents/RaspberryPiPico/pico-sdk/src/rp2_common/pico_stdio/stdio.c.obj
 .text.stdio_buffered_printer
                0x000000001000661c       0x64 CMakeFiles/main.dir/home/amalmathew/Documents/RaspberryPiPico/pico-sdk/src/rp2_common/pico_stdio/stdio.c.obj
 .text.stdio_put_string
                0x0000000010006680      0x100 CMakeFiles/main.dir/home/amalmathew/Documents/RaspberryPiPico/pico-sdk/src/rp2_common/pico_stdio/stdio.c.obj
 .text.__wrap_putchar
                0x0000000010006780       0xa4 CMakeFiles/main.dir/home/amalmathew/Documents/RaspberryPiPico/pico-sdk/src/rp2_common/pico_stdio/stdio.c.obj
                0x0000000010006780                __wrap_putchar
 .text.__wrap_puts
                0x0000000010006824       0x3c CMakeFiles/main.dir/home/amalmathew/Documents/RaspberryPiPico/pico-sdk/src/rp2_common/pico_stdio/stdio.c.obj
                0x0000000010006824                __wrap_puts
 .text.stdio_set_driver_enabled
                0x0000000010006860       0x3c CMakeFiles/main.dir/home/amalmathew/Documents/RaspberryPiPico/pico-sdk/src/rp2_common/pico_stdio/stdio.c.obj
                0x0000000010006860                stdio_set_driver_enabled
 .text.__wrap_vprintf
                0x000000001000689c       0xd8 CMakeFiles/main.dir/home/amalmathew/Documents/RaspberryPiPico/pico-sdk/src/rp2_common/pico_stdio/stdio.c.obj
                0x000000001000689c                __wrap_vprintf
 .text.__wrap_printf
                0x0000000010006974       0x18 CMakeFiles/main.dir/home/amalmathew/Documents/RaspberryPiPico/pico-sdk/src/rp2_common/pico_stdio/stdio.c.obj
                0x0000000010006974                __wrap_printf
 .text.stdio_init_all
                0x000000001000698c        0x8 CMakeFiles/main.dir/home/amalmathew/Documents/RaspberryPiPico/pico-sdk/src/rp2_common/pico_stdio/stdio.c.obj
                0x000000001000698c                stdio_init_all
 .text.stdio_uart_out_chars
                0x0000000010006994       0x4c CMakeFiles/main.dir/home/amalmathew/Documents/RaspberryPiPico/pico-sdk/src/rp2_common/pico_stdio_uart/stdio_uart.c.obj
 .text.stdio_uart_in_chars
                0x00000000100069e0       0x38 CMakeFiles/main.dir/home/amalmathew/Documents/RaspberryPiPico/pico-sdk/src/rp2_common/pico_stdio_uart/stdio_uart.c.obj
                0x00000000100069e0                stdio_uart_in_chars
 .text.stdio_uart_init
                0x0000000010006a18       0x48 CMakeFiles/main.dir/home/amalmathew/Documents/RaspberryPiPico/pico-sdk/src/rp2_common/pico_stdio_uart/stdio_uart.c.obj
                0x0000000010006a18                stdio_uart_init
 .text.spi_init
                0x0000000010006a60       0xf4 CMakeFiles/main.dir/home/amalmathew/Documents/RaspberryPiPico/pico-sdk/src/rp2_common/hardware_spi/spi.c.obj
                0x0000000010006a60                spi_init
 .text          0x0000000010006b54       0x68 /usr/lib/gcc/arm-none-eabi/9.2.1/../../../arm-none-eabi/lib/thumb/v6-m/nofp/libc.a(lib_a-strlen-stub.o)
                0x0000000010006b54                strlen
 *(.fini)
 .fini          0x0000000010006bbc        0x4 /usr/lib/gcc/arm-none-eabi/9.2.1/thumb/v6-m/nofp/crti.o
                0x0000000010006bbc                _fini
 .fini.__stub   0x0000000010006bc0       0x70 linker stubs
 *crtbegin.o(.ctors)
 *crtbegin?.o(.ctors)
 *(EXCLUDE_FILE(*crtend.o *crtend?.o) .ctors)
 *(SORT_BY_NAME(.ctors.*))
 *(.ctors)
 *crtbegin.o(.dtors)
 *crtbegin?.o(.dtors)
 *(EXCLUDE_FILE(*crtend.o *crtend?.o) .dtors)
 *(SORT_BY_NAME(.dtors.*))
 *(.dtors)
 *(.eh_frame*)
 .eh_frame      0x0000000010006c30        0x0 /usr/lib/gcc/arm-none-eabi/9.2.1/thumb/v6-m/nofp/crtbegin.o
                0x0000000010006c30                . = ALIGN (0x4)

.glue_7         0x0000000010006c30        0x0
 .glue_7        0x0000000010006c30        0x0 linker stubs

.glue_7t        0x0000000010006c30        0x0
 .glue_7t       0x0000000010006c30        0x0 linker stubs

.vfp11_veneer   0x0000000010006c30        0x0
 .vfp11_veneer  0x0000000010006c30        0x0 linker stubs

.v4_bx          0x0000000010006c30        0x0
 .v4_bx         0x0000000010006c30        0x0 linker stubs

.iplt           0x0000000010006c30        0x0
 .iplt          0x0000000010006c30        0x0 /usr/lib/gcc/arm-none-eabi/9.2.1/thumb/v6-m/nofp/crtbegin.o

.rodata         0x0000000010006c30      0x7fc
 *(EXCLUDE_FILE(*libm.a: *libc.a:*lib_a-mem*.o *libgcc.a:) .rodata*)
 .rodata.print_network_information.str1.4
                0x0000000010006c30       0x9f CMakeFiles/main.dir/main.c.obj
 *fill*         0x0000000010006ccf        0x1 
 .rodata.main.str1.4
                0x0000000010006cd0       0xbd CMakeFiles/main.dir/main.c.obj
 *fill*         0x0000000010006d8d        0x3 
 .rodata.str1.4
                0x0000000010006d90       0x1e CMakeFiles/main.dir/main.c.obj
 *fill*         0x0000000010006dae        0x2 
 .rodata        0x0000000010006db0       0x10 CMakeFiles/main.dir/main.c.obj
 .rodata.__bi_181.6441
                0x0000000010006dc0        0x8 CMakeFiles/main.dir/main.c.obj
 .rodata.__bi_187.6444
                0x0000000010006dc8        0xc CMakeFiles/main.dir/main.c.obj
 .rodata.__bi_95.6417
                0x0000000010006dd4        0xc CMakeFiles/main.dir/main.c.obj
 .rodata.send_DHCP_DISCOVER.str1.4
                0x0000000010006de0       0x16 CMakeFiles/main.dir/dhcp.c.obj
 *fill*         0x0000000010006df6        0x2 
 .rodata.send_DHCP_REQUEST.str1.4
                0x0000000010006df8       0x15 CMakeFiles/main.dir/dhcp.c.obj
 *fill*         0x0000000010006e0d        0x3 
 .rodata.send_DHCP_DECLINE.str1.4
                0x0000000010006e10       0x17 CMakeFiles/main.dir/dhcp.c.obj
 *fill*         0x0000000010006e27        0x1 
 .rodata.parseDHCPMSG.str1.4
                0x0000000010006e28       0x9e CMakeFiles/main.dir/dhcp.c.obj
 *fill*         0x0000000010006ec6        0x2 
 .rodata.parseDHCPMSG
                0x0000000010006ec8       0xdc CMakeFiles/main.dir/dhcp.c.obj
 .rodata.DHCP_run.str1.4
                0x0000000010006fa4       0xe4 CMakeFiles/main.dir/dhcp.c.obj
 .rodata.DHCP_run
                0x0000000010007088       0x14 CMakeFiles/main.dir/dhcp.c.obj
 .rodata        0x000000001000709c        0x5 CMakeFiles/main.dir/socket.c.obj
 *fill*         0x00000000100070a1        0x3 
 .rodata.ctlnetwork
                0x00000000100070a4       0x18 CMakeFiles/main.dir/wizchip_conf.c.obj
 .rodata.ctlwizchip
                0x00000000100070bc       0x40 CMakeFiles/main.dir/wizchip_conf.c.obj
 .rodata.hardware_alarm_claim.str1.4
                0x00000000100070fc       0x22 CMakeFiles/main.dir/home/amalmathew/Documents/RaspberryPiPico/pico-sdk/src/rp2_common/hardware_timer/timer.c.obj
 *fill*         0x000000001000711e        0x2 
 .rodata.panic.str1.4
                0x0000000010007120       0x12 CMakeFiles/main.dir/home/amalmathew/Documents/RaspberryPiPico/pico-sdk/src/rp2_common/pico_runtime/runtime.c.obj
 *fill*         0x0000000010007132        0x2 
 .rodata.hard_assertion_failure.str1.4
                0x0000000010007134        0xc CMakeFiles/main.dir/home/amalmathew/Documents/RaspberryPiPico/pico-sdk/src/rp2_common/pico_runtime/runtime.c.obj
 .rodata._ftoa.str1.4
                0x0000000010007140       0x15 CMakeFiles/main.dir/home/amalmathew/Documents/RaspberryPiPico/pico-sdk/src/rp2_common/pico_printf/printf.c.obj
 *fill*         0x0000000010007155        0x3 
 .rodata._vsnprintf
                0x0000000010007158      0x1e0 CMakeFiles/main.dir/home/amalmathew/Documents/RaspberryPiPico/pico-sdk/src/rp2_common/pico_printf/printf.c.obj
 .rodata.pow10.5435
                0x0000000010007338       0x50 CMakeFiles/main.dir/home/amalmathew/Documents/RaspberryPiPico/pico-sdk/src/rp2_common/pico_printf/printf.c.obj
 .rodata.str1.4
                0x0000000010007388       0x3c CMakeFiles/main.dir/home/amalmathew/Documents/RaspberryPiPico/pico-sdk/src/rp2_common/pico_standard_link/binary_info.c.obj
 .rodata.__bi_44
                0x00000000100073c4        0xc CMakeFiles/main.dir/home/amalmathew/Documents/RaspberryPiPico/pico-sdk/src/rp2_common/pico_standard_link/binary_info.c.obj
 .rodata.__bi_75
                0x00000000100073d0        0xc CMakeFiles/main.dir/home/amalmathew/Documents/RaspberryPiPico/pico-sdk/src/rp2_common/pico_standard_link/binary_info.c.obj
 .rodata.__bi_81
                0x00000000100073dc        0xc CMakeFiles/main.dir/home/amalmathew/Documents/RaspberryPiPico/pico-sdk/src/rp2_common/pico_standard_link/binary_info.c.obj
 .rodata.crlf_str.6051
                0x00000000100073e8        0x2 CMakeFiles/main.dir/home/amalmathew/Documents/RaspberryPiPico/pico-sdk/src/rp2_common/pico_stdio/stdio.c.obj
 *fill*         0x00000000100073ea        0x2 
 .rodata.str1.4
                0x00000000100073ec       0x2c CMakeFiles/main.dir/home/amalmathew/Documents/RaspberryPiPico/pico-sdk/src/rp2_common/pico_stdio_uart/stdio_uart.c.obj
 .rodata.__bi_28.4750
                0x0000000010007418        0xc CMakeFiles/main.dir/home/amalmathew/Documents/RaspberryPiPico/pico-sdk/src/rp2_common/pico_stdio_uart/stdio_uart.c.obj
 .rodata.__bi_29.4754
                0x0000000010007424        0x8 CMakeFiles/main.dir/home/amalmathew/Documents/RaspberryPiPico/pico-sdk/src/rp2_common/pico_stdio_uart/stdio_uart.c.obj
                0x000000001000742c                . = ALIGN (0x4)
 *(SORT_BY_ALIGNMENT(SORT_BY_NAME(.flashdata*)))
                0x000000001000742c                . = ALIGN (0x4)

.rel.dyn        0x000000001000742c        0x0
 .rel.iplt      0x000000001000742c        0x0 /usr/lib/gcc/arm-none-eabi/9.2.1/thumb/v6-m/nofp/crtbegin.o

.ARM.extab
 *(.ARM.extab* .gnu.linkonce.armextab.*)
                0x000000001000742c                __exidx_start = .

.ARM.exidx
 *(.ARM.exidx* .gnu.linkonce.armexidx.*)
                0x000000001000742c                __exidx_end = .
                0x000000001000742c                . = ALIGN (0x4)
                0x000000001000742c                __binary_info_start = .

.binary_info    0x000000001000742c       0x30
 *(.binary_info.keep.*)
 .binary_info.keep.__bi_ptr181
                0x000000001000742c        0x4 CMakeFiles/main.dir/main.c.obj
 .binary_info.keep.__bi_ptr187
                0x0000000010007430        0x4 CMakeFiles/main.dir/main.c.obj
 .binary_info.keep.__bi_ptr95
                0x0000000010007434        0x4 CMakeFiles/main.dir/main.c.obj
 .binary_info.keep.__bi_ptr22
                0x0000000010007438        0x4 CMakeFiles/main.dir/home/amalmathew/Documents/RaspberryPiPico/pico-sdk/src/rp2_common/pico_standard_link/binary_info.c.obj
 .binary_info.keep.__bi_ptr30
                0x000000001000743c        0x4 CMakeFiles/main.dir/home/amalmathew/Documents/RaspberryPiPico/pico-sdk/src/rp2_common/pico_standard_link/binary_info.c.obj
 .binary_info.keep.__bi_ptr38
                0x0000000010007440        0x4 CMakeFiles/main.dir/home/amalmathew/Documents/RaspberryPiPico/pico-sdk/src/rp2_common/pico_standard_link/binary_info.c.obj
 .binary_info.keep.__bi_ptr44
                0x0000000010007444        0x4 CMakeFiles/main.dir/home/amalmathew/Documents/RaspberryPiPico/pico-sdk/src/rp2_common/pico_standard_link/binary_info.c.obj
 .binary_info.keep.__bi_ptr50
                0x0000000010007448        0x4 CMakeFiles/main.dir/home/amalmathew/Documents/RaspberryPiPico/pico-sdk/src/rp2_common/pico_standard_link/binary_info.c.obj
 .binary_info.keep.__bi_ptr75
                0x000000001000744c        0x4 CMakeFiles/main.dir/home/amalmathew/Documents/RaspberryPiPico/pico-sdk/src/rp2_common/pico_standard_link/binary_info.c.obj
 .binary_info.keep.__bi_ptr81
                0x0000000010007450        0x4 CMakeFiles/main.dir/home/amalmathew/Documents/RaspberryPiPico/pico-sdk/src/rp2_common/pico_standard_link/binary_info.c.obj
 *(.binary_info.*)
 .binary_info.__bi_ptr28
                0x0000000010007454        0x4 CMakeFiles/main.dir/home/amalmathew/Documents/RaspberryPiPico/pico-sdk/src/rp2_common/pico_stdio_uart/stdio_uart.c.obj
 .binary_info.__bi_ptr29
                0x0000000010007458        0x4 CMakeFiles/main.dir/home/amalmathew/Documents/RaspberryPiPico/pico-sdk/src/rp2_common/pico_stdio_uart/stdio_uart.c.obj
                0x000000001000745c                __binary_info_end = .
                0x000000001000745c                . = ALIGN (0x4)
                0x000000001000745c                __etext = .

.ram_vector_table
                0x0000000020000000       0xc0
 *(.ram_vector_table)
 .ram_vector_table
                0x0000000020000000       0xc0 CMakeFiles/main.dir/home/amalmathew/Documents/RaspberryPiPico/pico-sdk/src/rp2_common/pico_runtime/runtime.c.obj
                0x0000000020000000                ram_vector_table

.data           0x00000000200000c0      0x2c0 load address 0x000000001000745c
                0x00000000200000c0                __data_start__ = .
 *(vtable)
 *(.time_critical*)
 .time_critical.mutex_enter_blocking
                0x00000000200000c0       0x48 CMakeFiles/main.dir/home/amalmathew/Documents/RaspberryPiPico/pico-sdk/src/common/pico_sync/mutex.c.obj
                0x00000000200000c0                mutex_enter_blocking
 .time_critical.mutex_try_enter
                0x0000000020000108       0x48 CMakeFiles/main.dir/home/amalmathew/Documents/RaspberryPiPico/pico-sdk/src/common/pico_sync/mutex.c.obj
                0x0000000020000108                mutex_try_enter
 .time_critical.mutex_exit
                0x0000000020000150       0x28 CMakeFiles/main.dir/home/amalmathew/Documents/RaspberryPiPico/pico-sdk/src/common/pico_sync/mutex.c.obj
                0x0000000020000150                mutex_exit
 .time_critical.spi_write_blocking
                0x0000000020000178       0x4c CMakeFiles/main.dir/home/amalmathew/Documents/RaspberryPiPico/pico-sdk/src/rp2_common/hardware_spi/spi.c.obj
                0x0000000020000178                spi_write_blocking
 .time_critical.spi_read_blocking
                0x00000000200001c4       0x74 CMakeFiles/main.dir/home/amalmathew/Documents/RaspberryPiPico/pico-sdk/src/rp2_common/hardware_spi/spi.c.obj
                0x00000000200001c4                spi_read_blocking
 *(.text*)
 .text          0x0000000020000238        0x4 /usr/lib/gcc/arm-none-eabi/9.2.1/thumb/v6-m/nofp/libgcc.a(_dvmd_tls.o)
                0x0000000020000238                __aeabi_ldiv0
                0x0000000020000238                __aeabi_idiv0
                0x000000002000023c                . = ALIGN (0x4)
 *(.rodata*)
                0x000000002000023c                . = ALIGN (0x4)
 *(.data*)
 .data.BroadCastIP
                0x000000002000023c        0x4 CMakeFiles/main.dir/main.c.obj
                0x000000002000023c                BroadCastIP
 .data.DestinationPort
                0x0000000020000240        0x2 CMakeFiles/main.dir/main.c.obj
                0x0000000020000240                DestinationPort
 *fill*         0x0000000020000242        0x2 
 .data.alert_msg
                0x0000000020000244        0x5 CMakeFiles/main.dir/main.c.obj
                0x0000000020000244                alert_msg
 *fill*         0x0000000020000249        0x3 
 .data.gWIZNETINFO
                0x000000002000024c       0x17 CMakeFiles/main.dir/main.c.obj
                0x000000002000024c                gWIZNETINFO
 *fill*         0x0000000020000263        0x1 
 .data.normal_msg
                0x0000000020000264        0x5 CMakeFiles/main.dir/main.c.obj
                0x0000000020000264                normal_msg
 *fill*         0x0000000020000269        0x3 
 .data.HOST_NAME
                0x000000002000026c        0x8 CMakeFiles/main.dir/dhcp.c.obj
                0x000000002000026c                HOST_NAME
 .data.dhcp_ip_assign
                0x0000000020000274        0x4 CMakeFiles/main.dir/dhcp.c.obj
                0x0000000020000274                dhcp_ip_assign
 .data.dhcp_ip_conflict
                0x0000000020000278        0x4 CMakeFiles/main.dir/dhcp.c.obj
                0x0000000020000278                dhcp_ip_conflict
 .data.dhcp_ip_update
                0x000000002000027c        0x4 CMakeFiles/main.dir/dhcp.c.obj
                0x000000002000027c                dhcp_ip_update
 .data.dhcp_lease_time
                0x0000000020000280        0x4 CMakeFiles/main.dir/dhcp.c.obj
                0x0000000020000280                dhcp_lease_time
 .data.dhcp_tick_next
                0x0000000020000284        0x4 CMakeFiles/main.dir/dhcp.c.obj
                0x0000000020000284                dhcp_tick_next
 .data.sock_any_port
                0x0000000020000288        0x2 CMakeFiles/main.dir/socket.c.obj
 *fill*         0x000000002000028a        0x2 
 .data.WIZCHIP  0x000000002000028c       0x2c CMakeFiles/main.dir/wizchip_conf.c.obj
                0x000000002000028c                WIZCHIP
 .data.striped_spin_lock_num
                0x00000000200002b8        0x1 CMakeFiles/main.dir/home/amalmathew/Documents/RaspberryPiPico/pico-sdk/src/rp2_common/hardware_sync/sync.c.obj
 *fill*         0x00000000200002b9        0x3 
 .data.default_alarm_pool
                0x00000000200002bc       0x18 CMakeFiles/main.dir/home/amalmathew/Documents/RaspberryPiPico/pico-sdk/src/common/pico_time/time.c.obj
 .data.default_alarm_pool_heap
                0x00000000200002d4       0x10 CMakeFiles/main.dir/home/amalmathew/Documents/RaspberryPiPico/pico-sdk/src/common/pico_time/time.c.obj
 .data          0x00000000200002e4       0x48 CMakeFiles/main.dir/home/amalmathew/Documents/RaspberryPiPico/pico-sdk/src/rp2_common/hardware_irq/irq_handler_chain.S.obj
                0x00000000200002e4                irq_handler_chain_slots
                0x0000000020000314                irq_handler_chain_first_slot
                0x000000002000031e                irq_handler_chain_remove_tail
 *fill*         0x000000002000032c        0x4 
 .data.aeabi_bits_funcs
                0x0000000020000330       0x10 CMakeFiles/main.dir/home/amalmathew/Documents/RaspberryPiPico/pico-sdk/src/rp2_common/pico_bit_ops/bit_ops_aeabi.S.obj
                0x0000000020000330                aeabi_bits_funcs
                0x0000000020000340                aeabi_bits_funcs_end
 .data.aeabi_mem_funcs
                0x0000000020000340       0x10 CMakeFiles/main.dir/home/amalmathew/Documents/RaspberryPiPico/pico-sdk/src/rp2_common/pico_mem_ops/mem_ops_aeabi.S.obj
                0x0000000020000340                aeabi_mem_funcs
                0x0000000020000350                aeabi_mem_funcs_end
 .data.stdio_uart
                0x0000000020000350       0x14 CMakeFiles/main.dir/home/amalmathew/Documents/RaspberryPiPico/pico-sdk/src/rp2_common/pico_stdio_uart/stdio_uart.c.obj
                0x0000000020000350                stdio_uart
                0x0000000020000364                . = ALIGN (0x4)
 *(.after_data.*)
                0x0000000020000364                . = ALIGN (0x4)
                0x0000000020000364                PROVIDE (__mutex_array_start = .)
 *(SORT_BY_NAME(.mutex_array.*))
 *(.mutex_array)
 .mutex_array   0x0000000020000364        0x8 CMakeFiles/main.dir/home/amalmathew/Documents/RaspberryPiPico/pico-sdk/src/rp2_common/pico_stdio/stdio.c.obj
                0x000000002000036c                PROVIDE (__mutex_array_end = .)
                0x000000002000036c                . = ALIGN (0x4)
                0x000000002000036c                PROVIDE (__preinit_array_start = .)
 *(SORT_BY_NAME(.preinit_array.*))
 .preinit_array.00001
                0x000000002000036c        0x4 CMakeFiles/main.dir/home/amalmathew/Documents/RaspberryPiPico/pico-sdk/src/rp2_common/pico_mem_ops/mem_ops_aeabi.S.obj
 .preinit_array.00010
                0x0000000020000370        0x4 CMakeFiles/main.dir/home/amalmathew/Documents/RaspberryPiPico/pico-sdk/src/rp2_common/pico_bit_ops/bit_ops_aeabi.S.obj
 .preinit_array.00020
                0x0000000020000374        0x4 CMakeFiles/main.dir/home/amalmathew/Documents/RaspberryPiPico/pico-sdk/src/rp2_common/pico_double/double_aeabi.S.obj
 .preinit_array.00020
                0x0000000020000378        0x4 CMakeFiles/main.dir/home/amalmathew/Documents/RaspberryPiPico/pico-sdk/src/rp2_common/pico_float/float_aeabi.S.obj
 *(.preinit_array)
                0x000000002000037c                PROVIDE (__preinit_array_end = .)
                0x000000002000037c                . = ALIGN (0x4)
                0x000000002000037c                PROVIDE (__init_array_start = .)
 *(SORT_BY_NAME(.init_array.*))
 *(.init_array)
 .init_array    0x000000002000037c        0x4 /usr/lib/gcc/arm-none-eabi/9.2.1/thumb/v6-m/nofp/crtbegin.o
                0x0000000020000380                PROVIDE (__init_array_end = .)
                0x0000000020000380                . = ALIGN (0x4)
                0x0000000020000380                PROVIDE (__fini_array_start = .)
 *(SORT_BY_NAME(.fini_array.*))
 *(.fini_array)
                0x0000000020000380                PROVIDE (__fini_array_end = .)
 *(.jcr)
                0x0000000020000380                . = ALIGN (0x4)
                0x0000000020000380                __data_end__ = .

.tm_clone_table
                0x0000000020000380        0x0 load address 0x000000001000771c
 .tm_clone_table
                0x0000000020000380        0x0 /usr/lib/gcc/arm-none-eabi/9.2.1/thumb/v6-m/nofp/crtbegin.o
 .tm_clone_table
                0x0000000020000380        0x0 /usr/lib/gcc/arm-none-eabi/9.2.1/thumb/v6-m/nofp/crtend.o

.igot.plt       0x0000000020000380        0x0 load address 0x000000001000771c
 .igot.plt      0x0000000020000380        0x0 /usr/lib/gcc/arm-none-eabi/9.2.1/thumb/v6-m/nofp/crtbegin.o

.uninitialized_data
                0x0000000020000380        0x0 load address 0x000000001000771c
                0x0000000020000380                . = ALIGN (0x4)
 *(.uninitialized_data*)

.scratch_x      0x0000000020040000        0x0 load address 0x000000001000771c
                0x0000000020040000                __scratch_x_start__ = .
 *(.scratch_x.*)
                0x0000000020040000                . = ALIGN (0x4)
                0x0000000020040000                __scratch_x_end__ = .
                0x000000001000771c                __scratch_x_source__ = LOADADDR (.scratch_x)

.scratch_y      0x0000000020041000        0x0 load address 0x000000001000771c
                0x0000000020041000                __scratch_y_start__ = .
 *(.scratch_y.*)
                0x0000000020041000                . = ALIGN (0x4)
                0x0000000020041000                __scratch_y_end__ = .
                0x000000001000771c                __scratch_y_source__ = LOADADDR (.scratch_y)

.bss            0x0000000020000380      0x9e8
                0x0000000020000380                . = ALIGN (0x4)
                0x0000000020000380                __bss_start__ = .
 *(SORT_BY_ALIGNMENT(SORT_BY_NAME(.bss*)))
 .bss.default_alarm_pool_entries
                0x0000000020000380      0x100 CMakeFiles/main.dir/home/amalmathew/Documents/RaspberryPiPico/pico-sdk/src/common/pico_time/time.c.obj
 .bss           0x0000000020000480       0x1c /usr/lib/gcc/arm-none-eabi/9.2.1/thumb/v6-m/nofp/crtbegin.o
 .bss.DHCP_allocated_dns
                0x000000002000049c        0x4 CMakeFiles/main.dir/dhcp.c.obj
                0x000000002000049c                DHCP_allocated_dns
 .bss.DHCP_allocated_gw
                0x00000000200004a0        0x4 CMakeFiles/main.dir/dhcp.c.obj
                0x00000000200004a0                DHCP_allocated_gw
 .bss.DHCP_allocated_ip
                0x00000000200004a4        0x4 CMakeFiles/main.dir/dhcp.c.obj
                0x00000000200004a4                DHCP_allocated_ip
 .bss.DHCP_allocated_sn
                0x00000000200004a8        0x4 CMakeFiles/main.dir/dhcp.c.obj
                0x00000000200004a8                DHCP_allocated_sn
 .bss.OLD_allocated_ip
                0x00000000200004ac        0x4 CMakeFiles/main.dir/dhcp.c.obj
                0x00000000200004ac                OLD_allocated_ip
 .bss._DNS_     0x00000000200004b0        0x4 CMakeFiles/main.dir/wizchip_conf.c.obj
 .bss.alarm_callbacks
                0x00000000200004b4       0x10 CMakeFiles/main.dir/home/amalmathew/Documents/RaspberryPiPico/pico-sdk/src/rp2_common/hardware_timer/timer.c.obj
 .bss.configured_freq
                0x00000000200004c4       0x28 CMakeFiles/main.dir/home/amalmathew/Documents/RaspberryPiPico/pico-sdk/src/rp2_common/hardware_clocks/clocks.c.obj
 .bss.default_alarm_pool_entry_ids_high
                0x00000000200004ec       0x10 CMakeFiles/main.dir/home/amalmathew/Documents/RaspberryPiPico/pico-sdk/src/common/pico_time/time.c.obj
 .bss.default_alarm_pool_heap_nodes
                0x00000000200004fc       0x30 CMakeFiles/main.dir/home/amalmathew/Documents/RaspberryPiPico/pico-sdk/src/common/pico_time/time.c.obj
 .bss.dhcp_tick_1s
                0x000000002000052c        0x4 CMakeFiles/main.dir/dhcp.c.obj
                0x000000002000052c                dhcp_tick_1s
 .bss.drivers   0x0000000020000530        0x4 CMakeFiles/main.dir/home/amalmathew/Documents/RaspberryPiPico/pico-sdk/src/rp2_common/pico_stdio/stdio.c.obj
 .bss.filter    0x0000000020000534        0x4 CMakeFiles/main.dir/home/amalmathew/Documents/RaspberryPiPico/pico-sdk/src/rp2_common/pico_stdio/stdio.c.obj
 .bss.lazy_vsnprintf
                0x0000000020000538        0x4 CMakeFiles/main.dir/home/amalmathew/Documents/RaspberryPiPico/pico-sdk/src/rp2_common/pico_printf/printf.c.obj
 .bss.on_off_flag
                0x000000002000053c        0x4 CMakeFiles/main.dir/main.c.obj
                0x000000002000053c                on_off_flag
 .bss.pools     0x0000000020000540       0x10 CMakeFiles/main.dir/home/amalmathew/Documents/RaspberryPiPico/pico-sdk/src/common/pico_time/time.c.obj
 .bss.sf_clz_func
                0x0000000020000550        0x4 CMakeFiles/main.dir/home/amalmathew/Documents/RaspberryPiPico/pico-sdk/src/rp2_common/pico_double/double_init_rom.c.obj
                0x0000000020000550                sf_clz_func
 .bss.sleep_notifier
                0x0000000020000554        0x4 CMakeFiles/main.dir/home/amalmathew/Documents/RaspberryPiPico/pico-sdk/src/common/pico_time/time.c.obj
 .bss.sock_pack_info
                0x0000000020000558        0x4 CMakeFiles/main.dir/socket.c.obj
                0x0000000020000558                sock_pack_info
 .bss.sock_remained_size
                0x000000002000055c        0x8 CMakeFiles/main.dir/socket.c.obj
 .bss.target_hi
                0x0000000020000564       0x10 CMakeFiles/main.dir/home/amalmathew/Documents/RaspberryPiPico/pico-sdk/src/rp2_common/hardware_timer/timer.c.obj
 .bss.uart_instance
                0x0000000020000574        0x4 CMakeFiles/main.dir/home/amalmathew/Documents/RaspberryPiPico/pico-sdk/src/rp2_common/pico_stdio_uart/stdio_uart.c.obj
 .bss.sock_io_mode
                0x0000000020000578        0x2 CMakeFiles/main.dir/socket.c.obj
 .bss.sock_is_sending
                0x000000002000057a        0x2 CMakeFiles/main.dir/socket.c.obj
 .bss._DHCP_    0x000000002000057c        0x1 CMakeFiles/main.dir/wizchip_conf.c.obj
 .bss.claimed   0x000000002000057d        0x1 CMakeFiles/main.dir/home/amalmathew/Documents/RaspberryPiPico/pico-sdk/src/rp2_common/hardware_timer/timer.c.obj
 .bss.dhcp_retry_count
                0x000000002000057e        0x1 CMakeFiles/main.dir/dhcp.c.obj
                0x000000002000057e                dhcp_retry_count
 .bss.dhcp_state
                0x000000002000057f        0x1 CMakeFiles/main.dir/dhcp.c.obj
                0x000000002000057f                dhcp_state
 .bss.irq_hander_chain_free_slot_head
                0x0000000020000580        0x1 CMakeFiles/main.dir/home/amalmathew/Documents/RaspberryPiPico/pico-sdk/src/rp2_common/hardware_irq/irq.c.obj
 .bss.timer_callbacks_pending
                0x0000000020000581        0x1 CMakeFiles/main.dir/home/amalmathew/Documents/RaspberryPiPico/pico-sdk/src/rp2_common/hardware_timer/timer.c.obj
 .bss.toggle_val
                0x0000000020000582        0x1 CMakeFiles/main.dir/main.c.obj
                0x0000000020000582                toggle_val
 *(COMMON)
 *fill*         0x0000000020000583        0x1 
 COMMON         0x0000000020000584      0x5c4 CMakeFiles/main.dir/main.c.obj
                0x0000000020000584                LANBuffer
                0x0000000020000b44                SourceIP
 COMMON         0x0000000020000b48       0x19 CMakeFiles/main.dir/dhcp.c.obj
                0x0000000020000b48                DHCP_CHADDR
                0x0000000020000b50                DHCP_XID
                0x0000000020000b54                DHCP_REAL_SIP
                0x0000000020000b58                DHCP_SIP
                0x0000000020000b5c                pDHCPMSG
                0x0000000020000b60                DHCP_SOCKET
 *fill*         0x0000000020000b61        0x3 
 COMMON         0x0000000020000b64        0x4 CMakeFiles/main.dir/home/amalmathew/Documents/RaspberryPiPico/pico-sdk/src/rp2_common/hardware_uart/uart.c.obj
                0x0000000020000b64                uart_char_to_line_feed
 COMMON         0x0000000020000b68      0x100 CMakeFiles/main.dir/home/amalmathew/Documents/RaspberryPiPico/pico-sdk/src/rp2_common/pico_double/double_init_rom.c.obj
                0x0000000020000b68                sd_table
 COMMON         0x0000000020000c68      0x100 CMakeFiles/main.dir/home/amalmathew/Documents/RaspberryPiPico/pico-sdk/src/rp2_common/pico_float/float_init_rom.c.obj
                0x0000000020000c68                sf_table
                0x0000000020000d68                . = ALIGN (0x4)
                0x0000000020000d68                __bss_end__ = .

.heap           0x0000000020000d68      0x800
                0x0000000020000d68                __end__ = .
                0x0000000020000d68                end = __end__
 *(.heap*)
 .heap          0x0000000020000d68      0x800 CMakeFiles/main.dir/home/amalmathew/Documents/RaspberryPiPico/pico-sdk/src/rp2_common/pico_standard_link/crt0.S.obj
                0x0000000020001568                __HeapLimit = .

.stack1_dummy   0x0000000020040000        0x0
 *(.stack1*)

.stack_dummy    0x0000000020041000      0x800
 *(.stack*)
 .stack         0x0000000020041000      0x800 CMakeFiles/main.dir/home/amalmathew/Documents/RaspberryPiPico/pico-sdk/src/rp2_common/pico_standard_link/crt0.S.obj

.flash_end      0x000000001000771c        0x0
                0x000000001000771c                __flash_binary_end = .
                0x0000000020040000                __StackLimit = (ORIGIN (RAM) + LENGTH (RAM))
                0x0000000020041000                __StackOneTop = (ORIGIN (SCRATCH_X) + LENGTH (SCRATCH_X))
                0x0000000020042000                __StackTop = (ORIGIN (SCRATCH_Y) + LENGTH (SCRATCH_Y))
                0x0000000020041000                __StackOneBottom = (__StackOneTop - SIZEOF (.stack1_dummy))
                0x0000000020041800                __StackBottom = (__StackTop - SIZEOF (.stack_dummy))
                0x0000000020042000                PROVIDE (__stack = __StackTop)
                0x0000000000000001                ASSERT ((__StackLimit >= __HeapLimit), region RAM overflowed)
                0x0000000000000001                ASSERT (((__binary_info_header_end - __logical_binary_start) <= 0x100), Binary info must be in first 256 bytes of the binary)
LOAD CMakeFiles/main.dir/main.c.obj
LOAD CMakeFiles/main.dir/dhcp.c.obj
LOAD CMakeFiles/main.dir/socket.c.obj
LOAD CMakeFiles/main.dir/w5100s.c.obj
LOAD CMakeFiles/main.dir/wizchip_conf.c.obj
LOAD CMakeFiles/main.dir/home/amalmathew/Documents/RaspberryPiPico/pico-sdk/src/rp2_common/pico_stdlib/stdlib.c.obj
LOAD CMakeFiles/main.dir/home/amalmathew/Documents/RaspberryPiPico/pico-sdk/src/rp2_common/hardware_gpio/gpio.c.obj
LOAD CMakeFiles/main.dir/home/amalmathew/Documents/RaspberryPiPico/pico-sdk/src/rp2_common/hardware_claim/claim.c.obj
LOAD CMakeFiles/main.dir/home/amalmathew/Documents/RaspberryPiPico/pico-sdk/src/rp2_common/pico_platform/platform.c.obj
LOAD CMakeFiles/main.dir/home/amalmathew/Documents/RaspberryPiPico/pico-sdk/src/rp2_common/hardware_sync/sync.c.obj
LOAD CMakeFiles/main.dir/home/amalmathew/Documents/RaspberryPiPico/pico-sdk/src/rp2_common/hardware_uart/uart.c.obj
LOAD CMakeFiles/main.dir/home/amalmathew/Documents/RaspberryPiPico/pico-sdk/src/rp2_common/hardware_divider/divider.S.obj
LOAD CMakeFiles/main.dir/home/amalmathew/Documents/RaspberryPiPico/pico-sdk/src/common/pico_time/time.c.obj
LOAD CMakeFiles/main.dir/home/amalmathew/Documents/RaspberryPiPico/pico-sdk/src/common/pico_time/timeout_helper.c.obj
LOAD CMakeFiles/main.dir/home/amalmathew/Documents/RaspberryPiPico/pico-sdk/src/rp2_common/hardware_timer/timer.c.obj
LOAD CMakeFiles/main.dir/home/amalmathew/Documents/RaspberryPiPico/pico-sdk/src/common/pico_sync/sem.c.obj
LOAD CMakeFiles/main.dir/home/amalmathew/Documents/RaspberryPiPico/pico-sdk/src/common/pico_sync/lock_core.c.obj
LOAD CMakeFiles/main.dir/home/amalmathew/Documents/RaspberryPiPico/pico-sdk/src/common/pico_sync/mutex.c.obj
LOAD CMakeFiles/main.dir/home/amalmathew/Documents/RaspberryPiPico/pico-sdk/src/common/pico_sync/critical_section.c.obj
LOAD CMakeFiles/main.dir/home/amalmathew/Documents/RaspberryPiPico/pico-sdk/src/common/pico_util/datetime.c.obj
LOAD CMakeFiles/main.dir/home/amalmathew/Documents/RaspberryPiPico/pico-sdk/src/common/pico_util/pheap.c.obj
LOAD CMakeFiles/main.dir/home/amalmathew/Documents/RaspberryPiPico/pico-sdk/src/common/pico_util/queue.c.obj
LOAD CMakeFiles/main.dir/home/amalmathew/Documents/RaspberryPiPico/pico-sdk/src/rp2_common/pico_runtime/runtime.c.obj
LOAD CMakeFiles/main.dir/home/amalmathew/Documents/RaspberryPiPico/pico-sdk/src/rp2_common/hardware_clocks/clocks.c.obj
LOAD CMakeFiles/main.dir/home/amalmathew/Documents/RaspberryPiPico/pico-sdk/src/rp2_common/hardware_irq/irq.c.obj
LOAD CMakeFiles/main.dir/home/amalmathew/Documents/RaspberryPiPico/pico-sdk/src/rp2_common/hardware_irq/irq_handler_chain.S.obj
LOAD CMakeFiles/main.dir/home/amalmathew/Documents/RaspberryPiPico/pico-sdk/src/rp2_common/hardware_pll/pll.c.obj
LOAD CMakeFiles/main.dir/home/amalmathew/Documents/RaspberryPiPico/pico-sdk/src/rp2_common/hardware_vreg/vreg.c.obj
LOAD CMakeFiles/main.dir/home/amalmathew/Documents/RaspberryPiPico/pico-sdk/src/rp2_common/hardware_watchdog/watchdog.c.obj
LOAD CMakeFiles/main.dir/home/amalmathew/Documents/RaspberryPiPico/pico-sdk/src/rp2_common/hardware_xosc/xosc.c.obj
LOAD CMakeFiles/main.dir/home/amalmathew/Documents/RaspberryPiPico/pico-sdk/src/rp2_common/pico_printf/printf.c.obj
LOAD CMakeFiles/main.dir/home/amalmathew/Documents/RaspberryPiPico/pico-sdk/src/rp2_common/pico_bit_ops/bit_ops_aeabi.S.obj
LOAD CMakeFiles/main.dir/home/amalmathew/Documents/RaspberryPiPico/pico-sdk/src/rp2_common/pico_bootrom/bootrom.c.obj
LOAD CMakeFiles/main.dir/home/amalmathew/Documents/RaspberryPiPico/pico-sdk/src/rp2_common/pico_divider/divider.S.obj
LOAD CMakeFiles/main.dir/home/amalmathew/Documents/RaspberryPiPico/pico-sdk/src/rp2_common/pico_double/double_aeabi.S.obj
LOAD CMakeFiles/main.dir/home/amalmathew/Documents/RaspberryPiPico/pico-sdk/src/rp2_common/pico_double/double_init_rom.c.obj
LOAD CMakeFiles/main.dir/home/amalmathew/Documents/RaspberryPiPico/pico-sdk/src/rp2_common/pico_double/double_math.c.obj
LOAD CMakeFiles/main.dir/home/amalmathew/Documents/RaspberryPiPico/pico-sdk/src/rp2_common/pico_double/double_v1_rom_shim.S.obj
LOAD CMakeFiles/main.dir/home/amalmathew/Documents/RaspberryPiPico/pico-sdk/src/rp2_common/pico_int64_ops/pico_int64_ops_aeabi.S.obj
LOAD CMakeFiles/main.dir/home/amalmathew/Documents/RaspberryPiPico/pico-sdk/src/rp2_common/pico_float/float_aeabi.S.obj
LOAD CMakeFiles/main.dir/home/amalmathew/Documents/RaspberryPiPico/pico-sdk/src/rp2_common/pico_float/float_init_rom.c.obj
LOAD CMakeFiles/main.dir/home/amalmathew/Documents/RaspberryPiPico/pico-sdk/src/rp2_common/pico_float/float_math.c.obj
LOAD CMakeFiles/main.dir/home/amalmathew/Documents/RaspberryPiPico/pico-sdk/src/rp2_common/pico_float/float_v1_rom_shim.S.obj
LOAD CMakeFiles/main.dir/home/amalmathew/Documents/RaspberryPiPico/pico-sdk/src/rp2_common/pico_malloc/pico_malloc.c.obj
LOAD CMakeFiles/main.dir/home/amalmathew/Documents/RaspberryPiPico/pico-sdk/src/rp2_common/pico_mem_ops/mem_ops_aeabi.S.obj
LOAD CMakeFiles/main.dir/home/amalmathew/Documents/RaspberryPiPico/pico-sdk/src/rp2_common/pico_standard_link/crt0.S.obj
LOAD CMakeFiles/main.dir/home/amalmathew/Documents/RaspberryPiPico/pico-sdk/src/rp2_common/pico_standard_link/new_delete.cpp.obj
LOAD CMakeFiles/main.dir/home/amalmathew/Documents/RaspberryPiPico/pico-sdk/src/rp2_common/pico_standard_link/binary_info.c.obj
LOAD CMakeFiles/main.dir/home/amalmathew/Documents/RaspberryPiPico/pico-sdk/src/rp2_common/pico_stdio/stdio.c.obj
LOAD CMakeFiles/main.dir/home/amalmathew/Documents/RaspberryPiPico/pico-sdk/src/rp2_common/pico_stdio_uart/stdio_uart.c.obj
LOAD CMakeFiles/main.dir/home/amalmathew/Documents/RaspberryPiPico/pico-sdk/src/rp2_common/hardware_spi/spi.c.obj
LOAD CMakeFiles/main.dir/home/amalmathew/Documents/RaspberryPiPico/pico-sdk/src/rp2_common/hardware_dma/dma.c.obj
LOAD /tmp/ccJQlIle.o
LOAD /usr/lib/gcc/arm-none-eabi/9.2.1/../../../arm-none-eabi/lib/thumb/v6-m/nofp/libstdc++.a
LOAD /usr/lib/gcc/arm-none-eabi/9.2.1/../../../arm-none-eabi/lib/thumb/v6-m/nofp/libm.a
START GROUP
LOAD /usr/lib/gcc/arm-none-eabi/9.2.1/thumb/v6-m/nofp/libgcc.a
LOAD /usr/lib/gcc/arm-none-eabi/9.2.1/../../../arm-none-eabi/lib/thumb/v6-m/nofp/libc.a
END GROUP
START GROUP
LOAD /usr/lib/gcc/arm-none-eabi/9.2.1/thumb/v6-m/nofp/libgcc.a
LOAD /usr/lib/gcc/arm-none-eabi/9.2.1/../../../arm-none-eabi/lib/thumb/v6-m/nofp/libc.a
LOAD /usr/lib/gcc/arm-none-eabi/9.2.1/../../../arm-none-eabi/lib/thumb/v6-m/nofp/libnosys.a
END GROUP
LOAD /usr/lib/gcc/arm-none-eabi/9.2.1/thumb/v6-m/nofp/crtend.o
LOAD /usr/lib/gcc/arm-none-eabi/9.2.1/thumb/v6-m/nofp/crtn.o
OUTPUT(main.elf elf32-littlearm)
LOAD linker stubs

.ARM.attributes
                0x0000000000000000       0x28
 .ARM.attributes
                0x0000000000000000       0x1e /usr/lib/gcc/arm-none-eabi/9.2.1/thumb/v6-m/nofp/crti.o
 .ARM.attributes
                0x000000000000001e       0x2c /usr/lib/gcc/arm-none-eabi/9.2.1/thumb/v6-m/nofp/crtbegin.o
 .ARM.attributes
                0x000000000000004a       0x2c CMakeFiles/main.dir/main.c.obj
 .ARM.attributes
                0x0000000000000076       0x2c CMakeFiles/main.dir/dhcp.c.obj
 .ARM.attributes
                0x00000000000000a2       0x2c CMakeFiles/main.dir/socket.c.obj
 .ARM.attributes
                0x00000000000000ce       0x2c CMakeFiles/main.dir/w5100s.c.obj
 .ARM.attributes
                0x00000000000000fa       0x2c CMakeFiles/main.dir/wizchip_conf.c.obj
 .ARM.attributes
                0x0000000000000126       0x2c CMakeFiles/main.dir/home/amalmathew/Documents/RaspberryPiPico/pico-sdk/src/rp2_common/hardware_gpio/gpio.c.obj
 .ARM.attributes
                0x0000000000000152       0x2c CMakeFiles/main.dir/home/amalmathew/Documents/RaspberryPiPico/pico-sdk/src/rp2_common/hardware_claim/claim.c.obj
 .ARM.attributes
                0x000000000000017e       0x2c CMakeFiles/main.dir/home/amalmathew/Documents/RaspberryPiPico/pico-sdk/src/rp2_common/pico_platform/platform.c.obj
 .ARM.attributes
                0x00000000000001aa       0x2c CMakeFiles/main.dir/home/amalmathew/Documents/RaspberryPiPico/pico-sdk/src/rp2_common/hardware_sync/sync.c.obj
 .ARM.attributes
                0x00000000000001d6       0x2c CMakeFiles/main.dir/home/amalmathew/Documents/RaspberryPiPico/pico-sdk/src/rp2_common/hardware_uart/uart.c.obj
 .ARM.attributes
                0x0000000000000202       0x2c CMakeFiles/main.dir/home/amalmathew/Documents/RaspberryPiPico/pico-sdk/src/common/pico_time/time.c.obj
 .ARM.attributes
                0x000000000000022e       0x2c CMakeFiles/main.dir/home/amalmathew/Documents/RaspberryPiPico/pico-sdk/src/rp2_common/hardware_timer/timer.c.obj
 .ARM.attributes
                0x000000000000025a       0x2c CMakeFiles/main.dir/home/amalmathew/Documents/RaspberryPiPico/pico-sdk/src/common/pico_sync/lock_core.c.obj
 .ARM.attributes
                0x0000000000000286       0x2c CMakeFiles/main.dir/home/amalmathew/Documents/RaspberryPiPico/pico-sdk/src/common/pico_sync/mutex.c.obj
 .ARM.attributes
                0x00000000000002b2       0x2c CMakeFiles/main.dir/home/amalmathew/Documents/RaspberryPiPico/pico-sdk/src/common/pico_util/pheap.c.obj
 .ARM.attributes
                0x00000000000002de       0x2c CMakeFiles/main.dir/home/amalmathew/Documents/RaspberryPiPico/pico-sdk/src/rp2_common/pico_runtime/runtime.c.obj
 .ARM.attributes
                0x000000000000030a       0x2c CMakeFiles/main.dir/home/amalmathew/Documents/RaspberryPiPico/pico-sdk/src/rp2_common/hardware_clocks/clocks.c.obj
 .ARM.attributes
                0x0000000000000336       0x2c CMakeFiles/main.dir/home/amalmathew/Documents/RaspberryPiPico/pico-sdk/src/rp2_common/hardware_irq/irq.c.obj
 .ARM.attributes
                0x0000000000000362       0x22 CMakeFiles/main.dir/home/amalmathew/Documents/RaspberryPiPico/pico-sdk/src/rp2_common/hardware_irq/irq_handler_chain.S.obj
 .ARM.attributes
                0x0000000000000384       0x2c CMakeFiles/main.dir/home/amalmathew/Documents/RaspberryPiPico/pico-sdk/src/rp2_common/hardware_pll/pll.c.obj
 .ARM.attributes
                0x00000000000003b0       0x2c CMakeFiles/main.dir/home/amalmathew/Documents/RaspberryPiPico/pico-sdk/src/rp2_common/hardware_watchdog/watchdog.c.obj
 .ARM.attributes
                0x00000000000003dc       0x2c CMakeFiles/main.dir/home/amalmathew/Documents/RaspberryPiPico/pico-sdk/src/rp2_common/hardware_xosc/xosc.c.obj
 .ARM.attributes
                0x0000000000000408       0x2c CMakeFiles/main.dir/home/amalmathew/Documents/RaspberryPiPico/pico-sdk/src/rp2_common/pico_printf/printf.c.obj
 .ARM.attributes
                0x0000000000000434       0x22 CMakeFiles/main.dir/home/amalmathew/Documents/RaspberryPiPico/pico-sdk/src/rp2_common/pico_bit_ops/bit_ops_aeabi.S.obj
 .ARM.attributes
                0x0000000000000456       0x2c CMakeFiles/main.dir/home/amalmathew/Documents/RaspberryPiPico/pico-sdk/src/rp2_common/pico_bootrom/bootrom.c.obj
 .ARM.attributes
                0x0000000000000482       0x22 CMakeFiles/main.dir/home/amalmathew/Documents/RaspberryPiPico/pico-sdk/src/rp2_common/pico_divider/divider.S.obj
 .ARM.attributes
                0x00000000000004a4       0x22 CMakeFiles/main.dir/home/amalmathew/Documents/RaspberryPiPico/pico-sdk/src/rp2_common/pico_double/double_aeabi.S.obj
 .ARM.attributes
                0x00000000000004c6       0x2c CMakeFiles/main.dir/home/amalmathew/Documents/RaspberryPiPico/pico-sdk/src/rp2_common/pico_double/double_init_rom.c.obj
 .ARM.attributes
                0x00000000000004f2       0x22 CMakeFiles/main.dir/home/amalmathew/Documents/RaspberryPiPico/pico-sdk/src/rp2_common/pico_double/double_v1_rom_shim.S.obj
 .ARM.attributes
                0x0000000000000514       0x22 CMakeFiles/main.dir/home/amalmathew/Documents/RaspberryPiPico/pico-sdk/src/rp2_common/pico_int64_ops/pico_int64_ops_aeabi.S.obj
 .ARM.attributes
                0x0000000000000536       0x22 CMakeFiles/main.dir/home/amalmathew/Documents/RaspberryPiPico/pico-sdk/src/rp2_common/pico_float/float_aeabi.S.obj
 .ARM.attributes
                0x0000000000000558       0x2c CMakeFiles/main.dir/home/amalmathew/Documents/RaspberryPiPico/pico-sdk/src/rp2_common/pico_float/float_init_rom.c.obj
 .ARM.attributes
                0x0000000000000584       0x22 CMakeFiles/main.dir/home/amalmathew/Documents/RaspberryPiPico/pico-sdk/src/rp2_common/pico_float/float_v1_rom_shim.S.obj
 .ARM.attributes
                0x00000000000005a6       0x22 CMakeFiles/main.dir/home/amalmathew/Documents/RaspberryPiPico/pico-sdk/src/rp2_common/pico_mem_ops/mem_ops_aeabi.S.obj
 .ARM.attributes
                0x00000000000005c8       0x22 CMakeFiles/main.dir/home/amalmathew/Documents/RaspberryPiPico/pico-sdk/src/rp2_common/pico_standard_link/crt0.S.obj
 .ARM.attributes
                0x00000000000005ea       0x32 CMakeFiles/main.dir/home/amalmathew/Documents/RaspberryPiPico/pico-sdk/src/rp2_common/pico_standard_link/binary_info.c.obj
 .ARM.attributes
                0x000000000000061c       0x2c CMakeFiles/main.dir/home/amalmathew/Documents/RaspberryPiPico/pico-sdk/src/rp2_common/pico_stdio/stdio.c.obj
 .ARM.attributes
                0x0000000000000648       0x2c CMakeFiles/main.dir/home/amalmathew/Documents/RaspberryPiPico/pico-sdk/src/rp2_common/pico_stdio_uart/stdio_uart.c.obj
 .ARM.attributes
                0x0000000000000674       0x2c CMakeFiles/main.dir/home/amalmathew/Documents/RaspberryPiPico/pico-sdk/src/rp2_common/hardware_spi/spi.c.obj
 .ARM.attributes
                0x00000000000006a0       0x22 /tmp/ccJQlIle.o
 .ARM.attributes
                0x00000000000006c2       0x1e /usr/lib/gcc/arm-none-eabi/9.2.1/thumb/v6-m/nofp/libgcc.a(_dvmd_tls.o)
 .ARM.attributes
                0x00000000000006e0       0x2c /usr/lib/gcc/arm-none-eabi/9.2.1/../../../arm-none-eabi/lib/thumb/v6-m/nofp/libc.a(lib_a-strlen-stub.o)
 .ARM.attributes
                0x000000000000070c       0x2c /usr/lib/gcc/arm-none-eabi/9.2.1/thumb/v6-m/nofp/crtend.o

.comment        0x0000000000000000       0xa7
 .comment       0x0000000000000000       0x59 /usr/lib/gcc/arm-none-eabi/9.2.1/thumb/v6-m/nofp/crtbegin.o
                                         0x5a (size before relaxing)
 .comment       0x0000000000000059       0x5a CMakeFiles/main.dir/main.c.obj
 .comment       0x0000000000000059       0x5a CMakeFiles/main.dir/dhcp.c.obj
 .comment       0x0000000000000059       0x5a CMakeFiles/main.dir/socket.c.obj
 .comment       0x0000000000000059       0x5a CMakeFiles/main.dir/w5100s.c.obj
 .comment       0x0000000000000059       0x5a CMakeFiles/main.dir/wizchip_conf.c.obj
 .comment       0x0000000000000059       0x5a CMakeFiles/main.dir/home/amalmathew/Documents/RaspberryPiPico/pico-sdk/src/rp2_common/hardware_gpio/gpio.c.obj
 .comment       0x0000000000000059       0x5a CMakeFiles/main.dir/home/amalmathew/Documents/RaspberryPiPico/pico-sdk/src/rp2_common/hardware_claim/claim.c.obj
 .comment       0x0000000000000059       0x5a CMakeFiles/main.dir/home/amalmathew/Documents/RaspberryPiPico/pico-sdk/src/rp2_common/pico_platform/platform.c.obj
 .comment       0x0000000000000059       0x5a CMakeFiles/main.dir/home/amalmathew/Documents/RaspberryPiPico/pico-sdk/src/rp2_common/hardware_sync/sync.c.obj
 .comment       0x0000000000000059       0x5a CMakeFiles/main.dir/home/amalmathew/Documents/RaspberryPiPico/pico-sdk/src/rp2_common/hardware_uart/uart.c.obj
 .comment       0x0000000000000059       0x5a CMakeFiles/main.dir/home/amalmathew/Documents/RaspberryPiPico/pico-sdk/src/common/pico_time/time.c.obj
 .comment       0x0000000000000059       0x5a CMakeFiles/main.dir/home/amalmathew/Documents/RaspberryPiPico/pico-sdk/src/rp2_common/hardware_timer/timer.c.obj
 .comment       0x0000000000000059       0x5a CMakeFiles/main.dir/home/amalmathew/Documents/RaspberryPiPico/pico-sdk/src/common/pico_sync/lock_core.c.obj
 .comment       0x0000000000000059       0x5a CMakeFiles/main.dir/home/amalmathew/Documents/RaspberryPiPico/pico-sdk/src/common/pico_sync/mutex.c.obj
 .comment       0x0000000000000059       0x5a CMakeFiles/main.dir/home/amalmathew/Documents/RaspberryPiPico/pico-sdk/src/common/pico_util/pheap.c.obj
 .comment       0x0000000000000059       0x5a CMakeFiles/main.dir/home/amalmathew/Documents/RaspberryPiPico/pico-sdk/src/rp2_common/pico_runtime/runtime.c.obj
 .comment       0x0000000000000059       0x5a CMakeFiles/main.dir/home/amalmathew/Documents/RaspberryPiPico/pico-sdk/src/rp2_common/hardware_clocks/clocks.c.obj
 .comment       0x0000000000000059       0x5a CMakeFiles/main.dir/home/amalmathew/Documents/RaspberryPiPico/pico-sdk/src/rp2_common/hardware_irq/irq.c.obj
 .comment       0x0000000000000059       0x5a CMakeFiles/main.dir/home/amalmathew/Documents/RaspberryPiPico/pico-sdk/src/rp2_common/hardware_pll/pll.c.obj
 .comment       0x0000000000000059       0x5a CMakeFiles/main.dir/home/amalmathew/Documents/RaspberryPiPico/pico-sdk/src/rp2_common/hardware_watchdog/watchdog.c.obj
 .comment       0x0000000000000059       0x5a CMakeFiles/main.dir/home/amalmathew/Documents/RaspberryPiPico/pico-sdk/src/rp2_common/hardware_xosc/xosc.c.obj
 .comment       0x0000000000000059       0x5a CMakeFiles/main.dir/home/amalmathew/Documents/RaspberryPiPico/pico-sdk/src/rp2_common/pico_printf/printf.c.obj
 .comment       0x0000000000000059       0x5a CMakeFiles/main.dir/home/amalmathew/Documents/RaspberryPiPico/pico-sdk/src/rp2_common/pico_bootrom/bootrom.c.obj
 .comment       0x0000000000000059       0x5a CMakeFiles/main.dir/home/amalmathew/Documents/RaspberryPiPico/pico-sdk/src/rp2_common/pico_double/double_init_rom.c.obj
 .comment       0x0000000000000059       0x5a CMakeFiles/main.dir/home/amalmathew/Documents/RaspberryPiPico/pico-sdk/src/rp2_common/pico_float/float_init_rom.c.obj
 .comment       0x0000000000000059       0x5a CMakeFiles/main.dir/home/amalmathew/Documents/RaspberryPiPico/pico-sdk/src/rp2_common/pico_standard_link/binary_info.c.obj
 .comment       0x0000000000000059       0x5a CMakeFiles/main.dir/home/amalmathew/Documents/RaspberryPiPico/pico-sdk/src/rp2_common/pico_stdio/stdio.c.obj
 .comment       0x0000000000000059       0x5a CMakeFiles/main.dir/home/amalmathew/Documents/RaspberryPiPico/pico-sdk/src/rp2_common/pico_stdio_uart/stdio_uart.c.obj
 .comment       0x0000000000000059       0x5a CMakeFiles/main.dir/home/amalmathew/Documents/RaspberryPiPico/pico-sdk/src/rp2_common/hardware_spi/spi.c.obj
 .comment       0x0000000000000059       0x4e /usr/lib/gcc/arm-none-eabi/9.2.1/../../../arm-none-eabi/lib/thumb/v6-m/nofp/libc.a(lib_a-strlen-stub.o)
                                         0x4f (size before relaxing)
 .comment       0x00000000000000a7       0x5a /usr/lib/gcc/arm-none-eabi/9.2.1/thumb/v6-m/nofp/crtend.o

.debug_line     0x0000000000000000      0x222
 .debug_line    0x0000000000000000       0x60 /usr/lib/gcc/arm-none-eabi/9.2.1/thumb/v6-m/nofp/libgcc.a(_dvmd_tls.o)
 .debug_line    0x0000000000000060      0x1c2 /usr/lib/gcc/arm-none-eabi/9.2.1/../../../arm-none-eabi/lib/thumb/v6-m/nofp/libc.a(lib_a-strlen-stub.o)

.debug_info     0x0000000000000000      0x999
 .debug_info    0x0000000000000000       0x26 /usr/lib/gcc/arm-none-eabi/9.2.1/thumb/v6-m/nofp/libgcc.a(_dvmd_tls.o)
 .debug_info    0x0000000000000026      0x973 /usr/lib/gcc/arm-none-eabi/9.2.1/../../../arm-none-eabi/lib/thumb/v6-m/nofp/libc.a(lib_a-strlen-stub.o)

.debug_abbrev   0x0000000000000000      0x1fc
 .debug_abbrev  0x0000000000000000       0x14 /usr/lib/gcc/arm-none-eabi/9.2.1/thumb/v6-m/nofp/libgcc.a(_dvmd_tls.o)
 .debug_abbrev  0x0000000000000014      0x1e8 /usr/lib/gcc/arm-none-eabi/9.2.1/../../../arm-none-eabi/lib/thumb/v6-m/nofp/libc.a(lib_a-strlen-stub.o)

.debug_aranges  0x0000000000000000       0x40
 .debug_aranges
                0x0000000000000000       0x20 /usr/lib/gcc/arm-none-eabi/9.2.1/thumb/v6-m/nofp/libgcc.a(_dvmd_tls.o)
 .debug_aranges
                0x0000000000000020       0x20 /usr/lib/gcc/arm-none-eabi/9.2.1/../../../arm-none-eabi/lib/thumb/v6-m/nofp/libc.a(lib_a-strlen-stub.o)

.debug_str      0x0000000000000000      0x613
 .debug_str     0x0000000000000000       0xa3 /usr/lib/gcc/arm-none-eabi/9.2.1/thumb/v6-m/nofp/libgcc.a(_dvmd_tls.o)
 .debug_str     0x00000000000000a3      0x570 /usr/lib/gcc/arm-none-eabi/9.2.1/../../../arm-none-eabi/lib/thumb/v6-m/nofp/libc.a(lib_a-strlen-stub.o)
                                        0x5c2 (size before relaxing)

.debug_loc      0x0000000000000000       0xa3
 .debug_loc     0x0000000000000000       0xa3 /usr/lib/gcc/arm-none-eabi/9.2.1/../../../arm-none-eabi/lib/thumb/v6-m/nofp/libc.a(lib_a-strlen-stub.o)

.debug_frame    0x0000000000000000       0x28
 .debug_frame   0x0000000000000000       0x28 /usr/lib/gcc/arm-none-eabi/9.2.1/../../../arm-none-eabi/lib/thumb/v6-m/nofp/libc.a(lib_a-strlen-stub.o)
